Component: Arm Compiler for Embedded 6.19 Tool: armlink [5e73cb00]

==============================================================================

Section Cross References

    startup_stm32f030xc.o(STACK) refers (Special) to heapauxi.o(.text) for __use_two_region_memory
    startup_stm32f030xc.o(HEAP) refers (Special) to heapauxi.o(.text) for __use_two_region_memory
    startup_stm32f030xc.o(RESET) refers (Special) to heapauxi.o(.text) for __use_two_region_memory
    startup_stm32f030xc.o(RESET) refers to startup_stm32f030xc.o(STACK) for __initial_sp
    startup_stm32f030xc.o(RESET) refers to startup_stm32f030xc.o(.text) for Reset_Handler
    startup_stm32f030xc.o(RESET) refers to stm32f0xx_it.o(.text.NMI_Handler) for NMI_Handler
    startup_stm32f030xc.o(RESET) refers to stm32f0xx_it.o(.text.HardFault_Handler) for HardFault_Handler
    startup_stm32f030xc.o(RESET) refers to stm32f0xx_it.o(.text.SVC_Handler) for SVC_Handler
    startup_stm32f030xc.o(RESET) refers to stm32f0xx_it.o(.text.PendSV_Handler) for PendSV_Handler
    startup_stm32f030xc.o(RESET) refers to stm32f0xx_it.o(.text.SysTick_Handler) for SysTick_Handler
    startup_stm32f030xc.o(RESET) refers to stm32f0xx_it.o(.text.EXTI2_3_IRQHandler) for EXTI2_3_IRQHandler
    startup_stm32f030xc.o(RESET) refers to stm32f0xx_it.o(.text.I2C1_IRQHandler) for I2C1_IRQHandler
    startup_stm32f030xc.o(RESET) refers to stm32f0xx_it.o(.text.USART1_IRQHandler) for USART1_IRQHandler
    startup_stm32f030xc.o(RESET) refers to stm32f0xx_it.o(.text.USART3_6_IRQHandler) for USART3_6_IRQHandler
    startup_stm32f030xc.o(.text) refers (Special) to heapauxi.o(.text) for __use_two_region_memory
    startup_stm32f030xc.o(.text) refers to system_stm32f0xx.o(.text.SystemInit) for SystemInit
    startup_stm32f030xc.o(.text) refers to __main.o(!!!main) for __main
    startup_stm32f030xc.o(.text) refers to startup_stm32f030xc.o(HEAP) for Heap_Mem
    startup_stm32f030xc.o(.text) refers to startup_stm32f030xc.o(STACK) for Stack_Mem
    bma253.o(.text.configureNoMotionInterrupt) refers to stm32f0xx_hal_i2c.o(.text.HAL_I2C_Mem_Write) for HAL_I2C_Mem_Write
    bma253.o(.ARM.exidx.text.configureNoMotionInterrupt) refers to bma253.o(.text.configureNoMotionInterrupt) for [Anonymous Symbol]
    gnss_data.o(.text.get_sentence_by_header) refers to strlen.o(.text) for strlen
    gnss_data.o(.text.get_sentence_by_header) refers to strcpy.o(.text) for strcpy
    gnss_data.o(.text.get_sentence_by_header) refers to strtok.o(.text) for strtok
    gnss_data.o(.text.get_sentence_by_header) refers to strstr.o(.text) for strstr
    gnss_data.o(.text.get_sentence_by_header) refers to h1_alloc.o(.text) for malloc
    gnss_data.o(.text.get_sentence_by_header) refers to gnss_data.o(.rodata.str1.1) for [Anonymous Symbol]
    gnss_data.o(.ARM.exidx.text.get_sentence_by_header) refers to gnss_data.o(.text.get_sentence_by_header) for [Anonymous Symbol]
    gnss_data.o(.text.send_sentence_over_UART) refers to gnss_data.o(.text.get_sentence_by_header) for get_sentence_by_header
    gnss_data.o(.text.send_sentence_over_UART) refers to strlen.o(.text) for strlen
    gnss_data.o(.text.send_sentence_over_UART) refers to stm32f0xx_hal_uart.o(.text.HAL_UART_Transmit) for HAL_UART_Transmit
    gnss_data.o(.text.send_sentence_over_UART) refers to h1_free.o(.text) for free
    gnss_data.o(.ARM.exidx.text.send_sentence_over_UART) refers to gnss_data.o(.text.send_sentence_over_UART) for [Anonymous Symbol]
    gnss_data.o(.ARM.exidx.text.moveToNextComma) refers to gnss_data.o(.text.moveToNextComma) for [Anonymous Symbol]
    gnss_data.o(.text.stringToFloat) refers to fdiv.o(.text) for __aeabi_fdiv
    gnss_data.o(.text.stringToFloat) refers to fflti.o(.text) for __aeabi_i2f
    gnss_data.o(.text.stringToFloat) refers to fmul.o(x$fpl$fmul) for __aeabi_fmul
    gnss_data.o(.text.stringToFloat) refers to faddsub.o(x$fpl$fadd) for __aeabi_fadd
    gnss_data.o(.text.stringToFloat) refers to f2d.o(.text) for __aeabi_f2d
    gnss_data.o(.text.stringToFloat) refers to dflti.o(.text) for __aeabi_i2d
    gnss_data.o(.text.stringToFloat) refers to dmul.o(.text) for __aeabi_dmul
    gnss_data.o(.text.stringToFloat) refers to daddsub.o(.text) for __aeabi_dadd
    gnss_data.o(.text.stringToFloat) refers to d2f.o(.text) for __aeabi_d2f
    gnss_data.o(.ARM.exidx.text.stringToFloat) refers to gnss_data.o(.text.stringToFloat) for [Anonymous Symbol]
    gnss_data.o(.text.intToStr) refers to aeabi_sdivfast.o(.text_divfast) for __aeabi_uidiv
    gnss_data.o(.text.intToStr) refers to aeabi_sdivfast.o(.text) for __aeabi_uidivmod
    gnss_data.o(.text.intToStr) refers to rt_memcpy.o(.text) for __aeabi_memcpy
    gnss_data.o(.ARM.exidx.text.intToStr) refers to gnss_data.o(.text.intToStr) for [Anonymous Symbol]
    gnss_data.o(.text.floatToString) refers to ffixi.o(.text) for __aeabi_f2iz
    gnss_data.o(.text.floatToString) refers to aeabi_sdivfast.o(.text_divfast) for __aeabi_uidiv
[...]
    [Anonymous Symbol]                       0x080014b4   Section        0  stm32f0xx_hal_gpio.o(.text.HAL_GPIO_TogglePin)
    [Anonymous Symbol]                       0x080014c4   Section        0  stm32f0xx_hal_gpio.o(.text.HAL_GPIO_WritePin)
    [Anonymous Symbol]                       0x080014d4   Section        0  stm32f0xx_hal.o(.text.HAL_GetTick)
    __arm_cp.6_0                             0x080014dc   Number         4  stm32f0xx_hal.o(.text.HAL_GetTick)
    [Anonymous Symbol]                       0x080014e0   Section        0  stm32f0xx_hal_i2c_ex.o(.text.HAL_I2CEx_ConfigAnalogFilter)
    [Anonymous Symbol]                       0x08001522   Section        0  stm32f0xx_hal_i2c_ex.o(.text.HAL_I2CEx_ConfigDigitalFilter)
    [Anonymous Symbol]                       0x08001564   Section        0  stm32f0xx_hal_i2c.o(.text.HAL_I2C_AbortCpltCallback)
    [Anonymous Symbol]                       0x08001566   Section        0  stm32f0xx_hal_i2c.o(.text.HAL_I2C_AddrCallback)
    [Anonymous Symbol]                       0x08001568   Section        0  stm32f0xx_hal_i2c.o(.text.HAL_I2C_ER_IRQHandler)
    [Anonymous Symbol]                       0x080015ea   Section        0  stm32f0xx_hal_i2c.o(.text.HAL_I2C_EV_IRQHandler)
    [Anonymous Symbol]                       0x080015fc   Section        0  stm32f0xx_hal_i2c.o(.text.HAL_I2C_ErrorCallback)
    [Anonymous Symbol]                       0x08001600   Section        0  stm32f0xx_hal_i2c.o(.text.HAL_I2C_Init)
    __arm_cp.0_0                             0x080016a0   Number         4  stm32f0xx_hal_i2c.o(.text.HAL_I2C_Init)
    __arm_cp.0_1                             0x080016a4   Number         4  stm32f0xx_hal_i2c.o(.text.HAL_I2C_Init)
    [Anonymous Symbol]                       0x080016a8   Section        0  stm32f0xx_hal_i2c.o(.text.HAL_I2C_ListenCpltCallback)
    [Anonymous Symbol]                       0x080016ac   Section        0  stm32f0xx_hal_i2c.o(.text.HAL_I2C_Mem_Write)
    __arm_cp.30_0                            0x080018b8   Number         4  stm32f0xx_hal_i2c.o(.text.HAL_I2C_Mem_Write)
    __arm_cp.30_1                            0x080018bc   Number         4  stm32f0xx_hal_i2c.o(.text.HAL_I2C_Mem_Write)
    __arm_cp.30_2                            0x080018c0   Number         4  stm32f0xx_hal_i2c.o(.text.HAL_I2C_Mem_Write)
    __arm_cp.30_3                            0x080018c4   Number         4  stm32f0xx_hal_i2c.o(.text.HAL_I2C_Mem_Write)
    __arm_cp.30_4                            0x080018c8   Number         4  stm32f0xx_hal_i2c.o(.text.HAL_I2C_Mem_Write)
    __arm_cp.30_5                            0x080018cc   Number         4  stm32f0xx_hal_i2c.o(.text.HAL_I2C_Mem_Write)
    [Anonymous Symbol]                       0x080018d0   Section        0  stm32f0xx_hal_msp.o(.text.HAL_I2C_MspInit)
    __arm_cp.1_0                             0x08001934   Number         4  stm32f0xx_hal_msp.o(.text.HAL_I2C_MspInit)
    __arm_cp.1_1                             0x08001938   Number         4  stm32f0xx_hal_msp.o(.text.HAL_I2C_MspInit)
    __arm_cp.1_2                             0x0800193c   Number         4  stm32f0xx_hal_msp.o(.text.HAL_I2C_MspInit)
    [Anonymous Symbol]                       0x08001940   Section        0  stm32f0xx_hal_i2c.o(.text.HAL_I2C_SlaveRxCpltCallback)
    [Anonymous Symbol]                       0x08001942   Section        0  stm32f0xx_hal_i2c.o(.text.HAL_I2C_SlaveTxCpltCallback)
    [Anonymous Symbol]                       0x08001944   Section        0  stm32f0xx_hal.o(.text.HAL_IncTick)
    __arm_cp.5_1                             0x08001954   Number         4  stm32f0xx_hal.o(.text.HAL_IncTick)
    [Anonymous Symbol]                       0x08001958   Section        0  stm32f0xx_hal.o(.text.HAL_Init)
    [Anonymous Symbol]                       0x08001974   Section        0  stm32f0xx_hal.o(.text.HAL_InitTick)
    __arm_cp.1_0                             0x080019b0   Number         4  stm32f0xx_hal.o(.text.HAL_InitTick)
    [Anonymous Symbol]                       0x080019b4   Section        0  stm32f0xx_hal_msp.o(.text.HAL_MspInit)
    __arm_cp.0_0                             0x080019dc   Number         4  stm32f0xx_hal_msp.o(.text.HAL_MspInit)
    [Anonymous Symbol]                       0x080019e0   Section        0  stm32f0xx_hal_cortex.o(.text.HAL_NVIC_EnableIRQ)
    __arm_cp.1_0                             0x080019f4   Number         4  stm32f0xx_hal_cortex.o(.text.HAL_NVIC_EnableIRQ)
    [Anonymous Symbol]                       0x080019f8   Section        0  stm32f0xx_hal_cortex.o(.text.HAL_NVIC_SetPriority)
    __arm_cp.0_0                             0x08001a28   Number         4  stm32f0xx_hal_cortex.o(.text.HAL_NVIC_SetPriority)
    __arm_cp.0_1                             0x08001a2c   Number         4  stm32f0xx_hal_cortex.o(.text.HAL_NVIC_SetPriority)
    [Anonymous Symbol]                       0x08001a30   Section        0  stm32f0xx_hal_pwr.o(.text.HAL_PWR_EnterSTOPMode)
    __arm_cp.6_1                             0x08001a64   Number         4  stm32f0xx_hal_pwr.o(.text.HAL_PWR_EnterSTOPMode)
    [Anonymous Symbol]                       0x08001a68   Section        0  stm32f0xx_hal_rcc_ex.o(.text.HAL_RCCEx_PeriphCLKConfig)
    __arm_cp.0_0                             0x08001b5c   Number         4  stm32f0xx_hal_rcc_ex.o(.text.HAL_RCCEx_PeriphCLKConfig)
    __arm_cp.0_1                             0x08001b60   Number         4  stm32f0xx_hal_rcc_ex.o(.text.HAL_RCCEx_PeriphCLKConfig)
    __arm_cp.0_2                             0x08001b64   Number         4  stm32f0xx_hal_rcc_ex.o(.text.HAL_RCCEx_PeriphCLKConfig)
    [Anonymous Symbol]                       0x08001b68   Section        0  stm32f0xx_hal_rcc.o(.text.HAL_RCC_ClockConfig)
    __arm_cp.2_0                             0x08001c94   Number         4  stm32f0xx_hal_rcc.o(.text.HAL_RCC_ClockConfig)
    __arm_cp.2_2                             0x08001c98   Number         4  stm32f0xx_hal_rcc.o(.text.HAL_RCC_ClockConfig)
    __arm_cp.2_6                             0x08001c9c   Number         4  stm32f0xx_hal_rcc.o(.text.HAL_RCC_ClockConfig)
    [Anonymous Symbol]                       0x08001ca0   Section        0  stm32f0xx_hal_rcc.o(.text.HAL_RCC_GetPCLK1Freq)
    __arm_cp.8_0                             0x08001cb4   Number         4  stm32f0xx_hal_rcc.o(.text.HAL_RCC_GetPCLK1Freq)
    __arm_cp.8_2                             0x08001cb8   Number         4  stm32f0xx_hal_rcc.o(.text.HAL_RCC_GetPCLK1Freq)
    [Anonymous Symbol]                       0x08001cbc   Section        0  stm32f0xx_hal_rcc.o(.text.HAL_RCC_GetSysClockFreq)
    __arm_cp.3_0                             0x08001ce8   Number         4  stm32f0xx_hal_rcc.o(.text.HAL_RCC_GetSysClockFreq)
    __arm_cp.3_1                             0x08001cec   Number         4  stm32f0xx_hal_rcc.o(.text.HAL_RCC_GetSysClockFreq)
    __arm_cp.3_2                             0x08001cf0   Number         4  stm32f0xx_hal_rcc.o(.text.HAL_RCC_GetSysClockFreq)
    __arm_cp.3_3                             0x08001cf4   Number         4  stm32f0xx_hal_rcc.o(.text.HAL_RCC_GetSysClockFreq)
    [Anonymous Symbol]                       0x08001cf8   Section        0  stm32f0xx_hal_rcc.o(.text.HAL_RCC_OscConfig)
    __arm_cp.1_0                             0x080020fc   Number         4  stm32f0xx_hal_rcc.o(.text.HAL_RCC_OscConfig)
    __arm_cp.1_1                             0x08002100   Number         4  stm32f0xx_hal_rcc.o(.text.HAL_RCC_OscConfig)
    __arm_cp.1_2                             0x08002104   Number         4  stm32f0xx_hal_rcc.o(.text.HAL_RCC_OscConfig)
    [Anonymous Symbol]                       0x08002108   Section        0  stm32f0xx_hal.o(.text.HAL_ResumeTick)
    [Anonymous Symbol]                       0x08002114   Section        0  stm32f0xx_hal_cortex.o(.text.HAL_SYSTICK_Config)
    __arm_cp.4_0                             0x0800213c   Number         4  stm32f0xx_hal_cortex.o(.text.HAL_SYSTICK_Config)
    __arm_cp.4_2                             0x08002140   Number         4  stm32f0xx_hal_cortex.o(.text.HAL_SYSTICK_Config)
    [Anonymous Symbol]                       0x08002144   Section        0  stm32f0xx_hal.o(.text.HAL_SuspendTick)
    __arm_cp.11_0                            0x08002150   Number         4  stm32f0xx_hal.o(.text.HAL_SuspendTick)
    [Anonymous Symbol]                       0x08002154   Section        0  stm32f0xx_hal_uart.o(.text.HAL_UARTEx_RxEventCallback)
    [Anonymous Symbol]                       0x08002156   Section        0  stm32f0xx_hal_uart.o(.text.HAL_UART_ErrorCallback)
    [Anonymous Symbol]                       0x08002158   Section        0  stm32f0xx_hal_uart.o(.text.HAL_UART_IRQHandler)
    __arm_cp.39_0                            0x08002524   Number         4  stm32f0xx_hal_uart.o(.text.HAL_UART_IRQHandler)
    __arm_cp.39_1                            0x08002528   Number         4  stm32f0xx_hal_uart.o(.text.HAL_UART_IRQHandler)
    __arm_cp.39_2                            0x0800252c   Number         4  stm32f0xx_hal_uart.o(.text.HAL_UART_IRQHandler)
    [Anonymous Symbol]                       0x08002530   Section        0  stm32f0xx_hal_uart.o(.text.HAL_UART_Init)
    [Anonymous Symbol]                       0x08002598   Section        0  stm32f0xx_hal_msp.o(.text.HAL_UART_MspInit)
    __arm_cp.3_1                             0x0800263c   Number         4  stm32f0xx_hal_msp.o(.text.HAL_UART_MspInit)
    __arm_cp.3_2                             0x08002640   Number         4  stm32f0xx_hal_msp.o(.text.HAL_UART_MspInit)
    __arm_cp.3_3                             0x08002644   Number         4  stm32f0xx_hal_msp.o(.text.HAL_UART_MspInit)
    [Anonymous Symbol]                       0x08002648   Section        0  stm32f0xx_hal_uart.o(.text.HAL_UART_Receive_IT)
    [Anonymous Symbol]                       0x080026b0   Section        0  main.o(.text.HAL_UART_RxCpltCallback)
    __arm_cp.2_0                             0x0800272c   Number         4  main.o(.text.HAL_UART_RxCpltCallback)
    __arm_cp.2_1                             0x08002730   Number         4  main.o(.text.HAL_UART_RxCpltCallback)
    __arm_cp.2_2                             0x08002734   Number         4  main.o(.text.HAL_UART_RxCpltCallback)
    __arm_cp.2_3                             0x08002738   Number         4  main.o(.text.HAL_UART_RxCpltCallback)
    __arm_cp.2_4                             0x0800273c   Number         4  main.o(.text.HAL_UART_RxCpltCallback)
    [Anonymous Symbol]                       0x08002740   Section        0  stm32f0xx_hal_uart.o(.text.HAL_UART_Transmit)
    __arm_cp.9_0                             0x08002814   Number         4  stm32f0xx_hal_uart.o(.text.HAL_UART_Transmit)
    [Anonymous Symbol]                       0x08002818   Section        0  stm32f0xx_hal_uart.o(.text.HAL_UART_Transmit_IT)
    __arm_cp.12_0                            0x08002884   Number         4  stm32f0xx_hal_uart.o(.text.HAL_UART_Transmit_IT)
    __arm_cp.12_1                            0x08002888   Number         4  stm32f0xx_hal_uart.o(.text.HAL_UART_Transmit_IT)
    [Anonymous Symbol]                       0x0800288c   Section        0  stm32f0xx_hal_uart.o(.text.HAL_UART_TxCpltCallback)
    [Anonymous Symbol]                       0x0800288e   Section        0  stm32f0xx_it.o(.text.HardFault_Handler)
    [Anonymous Symbol]                       0x08002890   Section        0  stm32f0xx_it.o(.text.I2C1_IRQHandler)
    __arm_cp.6_0                             0x080028b0   Number         4  stm32f0xx_it.o(.text.I2C1_IRQHandler)
    I2C_DMAAbort                             0x080028b5   Thumb Code    62  stm32f0xx_hal_i2c.o(.text.I2C_DMAAbort)
    [Anonymous Symbol]                       0x080028b4   Section        0  stm32f0xx_hal_i2c.o(.text.I2C_DMAAbort)
    I2C_ITAddrCplt                           0x080028f5   Thumb Code   164  stm32f0xx_hal_i2c.o(.text.I2C_ITAddrCplt)
    [Anonymous Symbol]                       0x080028f4   Section        0  stm32f0xx_hal_i2c.o(.text.I2C_ITAddrCplt)
    __arm_cp.71_0                            0x08002998   Number         4  stm32f0xx_hal_i2c.o(.text.I2C_ITAddrCplt)
    I2C_ITError                              0x0800299d   Thumb Code   368  stm32f0xx_hal_i2c.o(.text.I2C_ITError)
    [Anonymous Symbol]                       0x0800299c   Section        0  stm32f0xx_hal_i2c.o(.text.I2C_ITError)
    __arm_cp.53_1                            0x08002b0c   Number         4  stm32f0xx_hal_i2c.o(.text.I2C_ITError)
    __arm_cp.53_2                            0x08002b10   Number         4  stm32f0xx_hal_i2c.o(.text.I2C_ITError)
    I2C_ITSlaveCplt                          0x08002b15   Thumb Code   504  stm32f0xx_hal_i2c.o(.text.I2C_ITSlaveCplt)
    [Anonymous Symbol]                       0x08002b14   Section        0  stm32f0xx_hal_i2c.o(.text.I2C_ITSlaveCplt)
    __arm_cp.69_1                            0x08002d0c   Number         4  stm32f0xx_hal_i2c.o(.text.I2C_ITSlaveCplt)
    I2C_ITSlaveSeqCplt                       0x08002d11   Thumb Code   124  stm32f0xx_hal_i2c.o(.text.I2C_ITSlaveSeqCplt)
    [Anonymous Symbol]                       0x08002d10   Section        0  stm32f0xx_hal_i2c.o(.text.I2C_ITSlaveSeqCplt)
    __arm_cp.70_0                            0x08002d8c   Number         4  stm32f0xx_hal_i2c.o(.text.I2C_ITSlaveSeqCplt)
    __arm_cp.70_1                            0x08002d90   Number         4  stm32f0xx_hal_i2c.o(.text.I2C_ITSlaveSeqCplt)
    I2C_IsErrorOccurred                      0x08002d95   Thumb Code   380  stm32f0xx_hal_i2c.o(.text.I2C_IsErrorOccurred)
    [Anonymous Symbol]                       0x08002d94   Section        0  stm32f0xx_hal_i2c.o(.text.I2C_IsErrorOccurred)
    __arm_cp.72_0                            0x08002f10   Number         4  stm32f0xx_hal_i2c.o(.text.I2C_IsErrorOccurred)
    I2C_Slave_ISR_IT                         0x08002f15   Thumb Code   596  stm32f0xx_hal_i2c.o(.text.I2C_Slave_ISR_IT)
    [Anonymous Symbol]                       0x08002f14   Section        0  stm32f0xx_hal_i2c.o(.text.I2C_Slave_ISR_IT)
    __arm_cp.17_0                            0x08003168   Number         4  stm32f0xx_hal_i2c.o(.text.I2C_Slave_ISR_IT)
    __arm_cp.17_1                            0x0800316c   Number         4  stm32f0xx_hal_i2c.o(.text.I2C_Slave_ISR_IT)
    __arm_cp.17_2                            0x08003170   Number         4  stm32f0xx_hal_i2c.o(.text.I2C_Slave_ISR_IT)
    __arm_cp.17_3                            0x08003174   Number         4  stm32f0xx_hal_i2c.o(.text.I2C_Slave_ISR_IT)
    I2C_WaitOnFlagUntilTimeout               0x08003179   Thumb Code   222  stm32f0xx_hal_i2c.o(.text.I2C_WaitOnFlagUntilTimeout)
    [Anonymous Symbol]                       0x08003178   Section        0  stm32f0xx_hal_i2c.o(.text.I2C_WaitOnFlagUntilTimeout)
    I2C_WaitOnSTOPFlagUntilTimeout           0x08003257   Thumb Code   134  stm32f0xx_hal_i2c.o(.text.I2C_WaitOnSTOPFlagUntilTimeout)
    [Anonymous Symbol]                       0x08003256   Section        0  stm32f0xx_hal_i2c.o(.text.I2C_WaitOnSTOPFlagUntilTimeout)
    I2C_WaitOnTXISFlagUntilTimeout           0x080032dd   Thumb Code   166  stm32f0xx_hal_i2c.o(.text.I2C_WaitOnTXISFlagUntilTimeout)
    [Anonymous Symbol]                       0x080032dc   Section        0  stm32f0xx_hal_i2c.o(.text.I2C_WaitOnTXISFlagUntilTimeout)
    [Anonymous Symbol]                       0x08003384   Section        0  main.o(.text.Init_System)
    __arm_cp.10_0                            0x080033e8   Number         4  main.o(.text.Init_System)
    __arm_cp.10_1                            0x080033ec   Number         4  main.o(.text.Init_System)
    __arm_cp.10_2                            0x080033f0   Number         4  main.o(.text.Init_System)
    __arm_cp.10_3                            0x080033f4   Number         4  main.o(.text.Init_System)
    __arm_cp.10_4                            0x080033f8   Number         4  main.o(.text.Init_System)
    __arm_cp.10_5                            0x080033fc   Number         4  main.o(.text.Init_System)
    __arm_cp.10_6                            0x08003400   Number         4  main.o(.text.Init_System)
    __arm_cp.10_7                            0x08003404   Number         4  main.o(.text.Init_System)
    __arm_cp.10_8                            0x08003408   Number         4  main.o(.text.Init_System)
    __arm_cp.10_9                            0x0800340c   Number         4  main.o(.text.Init_System)
    __arm_cp.10_10                           0x08003410   Number         4  main.o(.text.Init_System)
    __arm_cp.10_12                           0x08003414   Number         4  main.o(.text.Init_System)
    [Anonymous Symbol]                       0x08003418   Section        0  mc60.o(.text.MC60_PowerOn)
    __arm_cp.0_0                             0x08003444   Number         4  mc60.o(.text.MC60_PowerOn)
    [Anonymous Symbol]                       0x08003448   Section        0  mc60.o(.text.MC60_Server_Pub)
    __arm_cp.6_1                             0x080035a8   Number         4  mc60.o(.text.MC60_Server_Pub)
    __arm_cp.6_2                             0x080035ac   Number         4  mc60.o(.text.MC60_Server_Pub)
    __arm_cp.6_6                             0x0800360c   Number         4  mc60.o(.text.MC60_Server_Pub)
    [Anonymous Symbol]                       0x08003610   Section        0  stm32f0xx_it.o(.text.NMI_Handler)
    [Anonymous Symbol]                       0x08003612   Section        0  stm32f0xx_it.o(.text.PendSV_Handler)
    [Anonymous Symbol]                       0x08003614   Section        0  stm32f0xx_it.o(.text.SVC_Handler)
    [Anonymous Symbol]                       0x08003616   Section        0  stm32f0xx_it.o(.text.SysTick_Handler)
    [Anonymous Symbol]                       0x0800361e   Section        0  system_stm32f0xx.o(.text.SystemInit)
    [Anonymous Symbol]                       0x08003620   Section        0  stm32f0xx_hal_uart.o(.text.UART_AdvFeatureConfig)
    [Anonymous Symbol]                       0x080036f4   Section        0  stm32f0xx_hal_uart.o(.text.UART_CheckIdleState)
    __arm_cp.4_0                             0x080037b4   Number         4  stm32f0xx_hal_uart.o(.text.UART_CheckIdleState)
    UART_DMAAbortOnError                     0x080037b9   Thumb Code    22  stm32f0xx_hal_uart.o(.text.UART_DMAAbortOnError)
    [Anonymous Symbol]                       0x080037b8   Section        0  stm32f0xx_hal_uart.o(.text.UART_DMAAbortOnError)
    UART_RxISR_16BIT                         0x080037cf   Thumb Code   202  stm32f0xx_hal_uart.o(.text.UART_RxISR_16BIT)
    [Anonymous Symbol]                       0x080037ce   Section        0  stm32f0xx_hal_uart.o(.text.UART_RxISR_16BIT)
    UART_RxISR_8BIT                          0x08003899   Thumb Code   204  stm32f0xx_hal_uart.o(.text.UART_RxISR_8BIT)
    [Anonymous Symbol]                       0x08003898   Section        0  stm32f0xx_hal_uart.o(.text.UART_RxISR_8BIT)
    [Anonymous Symbol]                       0x08003964   Section        0  main.o(.text.UART_Rx_Process)
    __arm_cp.5_0                             0x08003a1c   Number         4  main.o(.text.UART_Rx_Process)
    __arm_cp.5_1                             0x08003a20   Number         4  main.o(.text.UART_Rx_Process)
    __arm_cp.5_4                             0x08003a38   Number         4  main.o(.text.UART_Rx_Process)
    __arm_cp.5_5                             0x08003a3c   Number         4  main.o(.text.UART_Rx_Process)
    __arm_cp.5_6                             0x08003a40   Number         4  main.o(.text.UART_Rx_Process)
    __arm_cp.5_7                             0x08003a44   Number         4  main.o(.text.UART_Rx_Process)
    __arm_cp.5_8                             0x08003a48   Number         4  main.o(.text.UART_Rx_Process)
    __arm_cp.5_9                             0x08003a4c   Number         4  main.o(.text.UART_Rx_Process)
    __arm_cp.5_10                            0x08003a50   Number         4  main.o(.text.UART_Rx_Process)
    [Anonymous Symbol]                       0x08003a54   Section        0  stm32f0xx_hal_uart.o(.text.UART_SetConfig)
    __arm_cp.2_0                             0x08003b7c   Number         4  stm32f0xx_hal_uart.o(.text.UART_SetConfig)
    __arm_cp.2_1                             0x08003b80   Number         4  stm32f0xx_hal_uart.o(.text.UART_SetConfig)
    __arm_cp.2_2                             0x08003b84   Number         4  stm32f0xx_hal_uart.o(.text.UART_SetConfig)
    __arm_cp.2_3                             0x08003b88   Number         4  stm32f0xx_hal_uart.o(.text.UART_SetConfig)
    __arm_cp.2_4                             0x08003b8c   Number         4  stm32f0xx_hal_uart.o(.text.UART_SetConfig)
    __arm_cp.2_5                             0x08003b90   Number         4  stm32f0xx_hal_uart.o(.text.UART_SetConfig)
    __arm_cp.2_6                             0x08003b94   Number         4  stm32f0xx_hal_uart.o(.text.UART_SetConfig)
    __arm_cp.2_7                             0x08003b98   Number         4  stm32f0xx_hal_uart.o(.text.UART_SetConfig)
    __arm_cp.2_8                             0x08003b9c   Number         4  stm32f0xx_hal_uart.o(.text.UART_SetConfig)
    __arm_cp.2_10                            0x08003bb0   Number         4  stm32f0xx_hal_uart.o(.text.UART_SetConfig)
    __arm_cp.2_11                            0x08003bb4   Number         4  stm32f0xx_hal_uart.o(.text.UART_SetConfig)
    [Anonymous Symbol]                       0x08003bb8   Section        0  stm32f0xx_hal_uart.o(.text.UART_Start_Receive_IT)
    __arm_cp.16_1                            0x08003c78   Number         4  stm32f0xx_hal_uart.o(.text.UART_Start_Receive_IT)
    __arm_cp.16_2                            0x08003c7c   Number         4  stm32f0xx_hal_uart.o(.text.UART_Start_Receive_IT)
    UART_TxISR_16BIT                         0x08003c81   Thumb Code    92  stm32f0xx_hal_uart.o(.text.UART_TxISR_16BIT)
    [Anonymous Symbol]                       0x08003c80   Section        0  stm32f0xx_hal_uart.o(.text.UART_TxISR_16BIT)
    __arm_cp.13_0                            0x08003cdc   Number         4  stm32f0xx_hal_uart.o(.text.UART_TxISR_16BIT)
    UART_TxISR_8BIT                          0x08003ce1   Thumb Code    88  stm32f0xx_hal_uart.o(.text.UART_TxISR_8BIT)
    [Anonymous Symbol]                       0x08003ce0   Section        0  stm32f0xx_hal_uart.o(.text.UART_TxISR_8BIT)
    [Anonymous Symbol]                       0x08003d38   Section        0  stm32f0xx_hal_uart.o(.text.UART_WaitOnFlagUntilTimeout)
    [Anonymous Symbol]                       0x08003edc   Section        0  stm32f0xx_it.o(.text.USART1_IRQHandler)
    __arm_cp.7_0                             0x08003ee8   Number         4  stm32f0xx_it.o(.text.USART1_IRQHandler)
    [Anonymous Symbol]                       0x08003eec   Section        0  stm32f0xx_it.o(.text.USART3_6_IRQHandler)
    __arm_cp.8_0                             0x08003ef8   Number         4  stm32f0xx_it.o(.text.USART3_6_IRQHandler)
    [Anonymous Symbol]                       0x08003efc   Section        0  bma253.o(.text.configureNoMotionInterrupt)
    [Anonymous Symbol]                       0x08003fc8   Section        0  gnss_data.o(.text.decodeLat)
    [Anonymous Symbol]                       0x080040a4   Section        0  gnss_data.o(.text.decodeLong)
    __arm_cp.7_0                             0x08004180   Number         4  gnss_data.o(.text.decodeLong)
    __arm_cp.7_1                             0x08004184   Number         4  gnss_data.o(.text.decodeLong)
    __arm_cp.7_2                             0x08004188   Number         4  gnss_data.o(.text.decodeLong)
    __arm_cp.7_3                             0x0800418c   Number         4  gnss_data.o(.text.decodeLong)
    [Anonymous Symbol]                       0x08004190   Section        0  gnss_data.o(.text.decodeRMC)
    [Anonymous Symbol]                       0x080046c4   Section        0  main.o(.text.expectedResponse)
    __arm_cp.3_2                             0x080047d8   Number         4  main.o(.text.expectedResponse)
    __arm_cp.3_13                            0x0800486c   Number         4  main.o(.text.expectedResponse)
    __arm_cp.3_14                            0x08004870   Number         4  main.o(.text.expectedResponse)
    __arm_cp.3_15                            0x08004874   Number         4  main.o(.text.expectedResponse)
    __arm_cp.3_16                            0x08004878   Number         4  main.o(.text.expectedResponse)
    __arm_cp.3_17                            0x0800487c   Number         4  main.o(.text.expectedResponse)
    [Anonymous Symbol]                       0x08004880   Section        0  gnss_data.o(.text.floatToString)
    __arm_cp.5_0                             0x08004b98   Number         4  gnss_data.o(.text.floatToString)
    [Anonymous Symbol]                       0x08004b9c   Section        0  gnss_data.o(.text.get_sentence_by_header)
    __arm_cp.0_0                             0x08004c0c   Number         4  gnss_data.o(.text.get_sentence_by_header)
    [Anonymous Symbol]                       0x08004c10   Section        0  mc60.o(.text.lat_long_data_format)
    [Anonymous Symbol]                       0x08004cec   Section        0  main.o(.text.main)
    __arm_cp.11_0                            0x08004fbc   Number         4  main.o(.text.main)
    __arm_cp.11_1                            0x08004fc0   Number         4  main.o(.text.main)
    __arm_cp.11_2                            0x08004fc4   Number         4  main.o(.text.main)
    __arm_cp.11_3                            0x08004fc8   Number         4  main.o(.text.main)
    __arm_cp.11_4                            0x08004fcc   Number         4  main.o(.text.main)
    __arm_cp.11_5                            0x08004fd0   Number         4  main.o(.text.main)
    __arm_cp.11_6                            0x08004fd4   Number         4  main.o(.text.main)
    __arm_cp.11_7                            0x08004fd8   Number         4  main.o(.text.main)
    __arm_cp.11_8                            0x08004fdc   Number         4  main.o(.text.main)
    __arm_cp.11_9                            0x08004fe0   Number         4  main.o(.text.main)
    __arm_cp.11_11                           0x08004ff0   Number         4  main.o(.text.main)
    __arm_cp.11_12                           0x08004ff4   Number         4  main.o(.text.main)
    __arm_cp.11_13                           0x08004ff8   Number         4  main.o(.text.main)
    __arm_cp.11_14                           0x08004ffc   Number         4  main.o(.text.main)
    __arm_cp.11_16                           0x08005008   Number         4  main.o(.text.main)
    [Anonymous Symbol]                       0x0800500c   Section        0  main.o(.text.sendCommandToMC60)
    __arm_cp.4_0                             0x08005058   Number         4  main.o(.text.sendCommandToMC60)
    __arm_cp.4_1                             0x0800505c   Number         4  main.o(.text.sendCommandToMC60)
    __arm_cp.4_2                             0x08005060   Number         4  main.o(.text.sendCommandToMC60)
    .text_divfast                            0x08005064   Section      502  aeabi_sdivfast.o(.text_divfast)
    x$fpl$fadd                               0x0800525c   Section      140  faddsub.o(x$fpl$fadd)
    _fadd1                                   0x08005269   Thumb Code     0  faddsub.o(x$fpl$fadd)
    x$fpl$fmul                               0x080052e8   Section      176  fmul.o(x$fpl$fmul)
    x$fpl$fsub                               0x08005398   Section      208  faddsub.o(x$fpl$fsub)
    _fsub1                                   0x080053a5   Thumb Code     0  faddsub.o(x$fpl$fsub)
    fdiv_tab                                 0x08005468   Data          64  fdiv.o(.constdata)
    .constdata                               0x08005468   Section       64  fdiv.o(.constdata)
    x$fpl$usenofp                            0x08005468   Section        0  usenofp.o(x$fpl$usenofp)
    HAL_RCC_GetSysClockFreq.aPLLMULFactorTable 0x080054c0   Data          16  stm32f0xx_hal_rcc.o(.rodata.cst16)
    [Anonymous Symbol]                       0x080054c0   Section        0  stm32f0xx_hal_rcc.o(.rodata.cst16)
    HAL_RCC_GetSysClockFreq.aPredivFactorTable 0x080054d0   Data          16  stm32f0xx_hal_rcc.o(.rodata.cst16)
    [Anonymous Symbol]                       0x080054e0   Section        0  gnss_data.o(.rodata.str1.1)
    [Anonymous Symbol]                       0x080054e4   Section        0  main.o(.rodata.str1.1)
    [Anonymous Symbol]                       0x08005660   Section        0  main.o(.rodata.str1.4)
    _strtok_saves1                           0x20000000   Data           4  strtok.o(.data)
    .data                                    0x20000000   Section        4  strtok.o(.data)
    [Anonymous Symbol]                       0x20000004   Section        0  stm32f0xx_hal.o(.data..L_MergedGlobals)
    .bss                                     0x20000018   Section       96  libspace.o(.bss)
    [Anonymous Symbol]                       0x20000078   Section        0  mc60.o(.bss..L_MergedGlobals)
    [Anonymous Symbol]                       0x200000ac   Section        0  main.o(.bss..L_MergedGlobals)
    Heap_Mem                                 0x20001288   Data         512  startup_stm32f030xc.o(HEAP)
    HEAP                                     0x20001288   Section      512  startup_stm32f030xc.o(HEAP)
    Stack_Mem                                0x20001488   Data        1024  startup_stm32f030xc.o(STACK)
    STACK                                    0x20001488   Section     1024  startup_stm32f030xc.o(STACK)
    __initial_sp                             0x20001888   Data           0  startup_stm32f030xc.o(STACK)

    Global Symbols

    Symbol Name                              Value     Ov Type        Size  Object(Section)

    BuildAttributes$$THM_ISAv3M$S$PE$A:L22$X:L11$S22$IEEE1$IW$~IW$USESV6$~STKCKD$USESV7$~SHL$OTIME$ROPI$EBA8$UX$STANDARDLIB$REQ8$PRES8$EABIv2 0x00000000   Number         0  anon$$obj.o ABSOLUTE
    __ARM_exceptions_init                     - Undefined Weak Reference
    __alloca_initialize                       - Undefined Weak Reference
    __arm_preinit_                            - Undefined Weak Reference
    __arm_relocate_pie_                       - Undefined Weak Reference
    __cpp_initialize__aeabi_                  - Undefined Weak Reference
    __cxa_finalize                            - Undefined Weak Reference
    __rt_locale                               - Undefined Weak Reference
    __sigvec_lookup                           - Undefined Weak Reference
    __user_heap_extent                        - Undefined Weak Reference
    _atexit_init                              - Undefined Weak Reference
    _call_atexit_fns                          - Undefined Weak Reference
    _clock_init                               - Undefined Weak Reference
    _fp_trap_init                             - Undefined Weak Reference
    _fp_trap_shutdown                         - Undefined Weak Reference
    _get_lc_collate                           - Undefined Weak Reference
    _get_lc_ctype                             - Undefined Weak Reference
    _get_lc_monetary                          - Undefined Weak Reference
    _get_lc_numeric                           - Undefined Weak Reference
    _get_lc_time                              - Undefined Weak Reference
    _getenv_init                              - Undefined Weak Reference
    _handle_redirection                       - Undefined Weak Reference
    _initio                                   - Undefined Weak Reference
    _mutex_acquire                            - Undefined Weak Reference
    _mutex_free                               - Undefined Weak Reference
    _mutex_release                            - Undefined Weak Reference
    _rand_init                                - Undefined Weak Reference
    _signal_finish                            - Undefined Weak Reference
    _signal_init                              - Undefined Weak Reference
    _terminateio                              - Undefined Weak Reference
    __Vectors_Size                           0x000000b8   Number         0  startup_stm32f030xc.o ABSOLUTE
    __Vectors                                0x08000000   Data           4  startup_stm32f030xc.o(RESET)
    __Vectors_End                            0x080000b8   Data           0  startup_stm32f030xc.o(RESET)
    __main                                   0x080000b9   Thumb Code     8  __main.o(!!!main)
    __scatterload                            0x080000c1   Thumb Code     0  __scatter.o(!!!scatter)
    __scatterload_rt2                        0x080000c1   Thumb Code    52  __scatter.o(!!!scatter)
    __scatterload_rt2_thumb_only             0x080000c1   Thumb Code     0  __scatter.o(!!!scatter)
    __scatterload_null                       0x080000d1   Thumb Code     0  __scatter.o(!!!scatter)
    __scatterload_copy                       0x080000fd   Thumb Code    26  __scatter_copy.o(!!handler_copy)
    __scatterload_zeroinit                   0x08000119   Thumb Code    28  __scatter_zi.o(!!handler_zi)
    __rt_lib_init                            0x08000135   Thumb Code     0  libinit.o(.ARM.Collect$$libinit$$00000000)
    __rt_lib_init_fp_1                       0x08000137   Thumb Code     0  libinit2.o(.ARM.Collect$$libinit$$00000002)
    __rt_lib_init_heap_2                     0x08000137   Thumb Code     0  libinit2.o(.ARM.Collect$$libinit$$00000007)
    __rt_lib_init_preinit_1                  0x08000137   Thumb Code     0  libinit2.o(.ARM.Collect$$libinit$$00000006)
    __rt_lib_init_relocate_pie_1             0x08000137   Thumb Code     0  libinit2.o(.ARM.Collect$$libinit$$00000004)
    __rt_lib_init_alloca_1                   0x0800013f   Thumb Code     0  libinit2.o(.ARM.Collect$$libinit$$00000030)
    __rt_lib_init_argv_1                     0x0800013f   Thumb Code     0  libinit2.o(.ARM.Collect$$libinit$$0000002E)
    __rt_lib_init_atexit_1                   0x0800013f   Thumb Code     0  libinit2.o(.ARM.Collect$$libinit$$0000001D)
    __rt_lib_init_clock_1                    0x0800013f   Thumb Code     0  libinit2.o(.ARM.Collect$$libinit$$00000023)
    __rt_lib_init_cpp_1                      0x0800013f   Thumb Code     0  libinit2.o(.ARM.Collect$$libinit$$00000034)
    __rt_lib_init_exceptions_1               0x0800013f   Thumb Code     0  libinit2.o(.ARM.Collect$$libinit$$00000032)
    __rt_lib_init_fp_trap_1                  0x0800013f   Thumb Code     0  libinit2.o(.ARM.Collect$$libinit$$00000021)
    __rt_lib_init_getenv_1                   0x0800013f   Thumb Code     0  libinit2.o(.ARM.Collect$$libinit$$00000025)
    __rt_lib_init_heap_1                     0x0800013f   Thumb Code     0  libinit2.o(.ARM.Collect$$libinit$$0000000C)
    __rt_lib_init_lc_collate_1               0x0800013f   Thumb Code     0  libinit2.o(.ARM.Collect$$libinit$$00000013)
    __rt_lib_init_lc_ctype_1                 0x0800013f   Thumb Code     0  libinit2.o(.ARM.Collect$$libinit$$00000015)
    __rt_lib_init_lc_monetary_1              0x0800013f   Thumb Code     0  libinit2.o(.ARM.Collect$$libinit$$00000017)
    __rt_lib_init_lc_numeric_1               0x0800013f   Thumb Code     0  libinit2.o(.ARM.Collect$$libinit$$00000019)
    __rt_lib_init_lc_time_1                  0x0800013f   Thumb Code     0  libinit2.o(.ARM.Collect$$libinit$$0000001B)
    __rt_lib_init_rand_1                     0x0800013f   Thumb Code     0  libinit2.o(.ARM.Collect$$libinit$$00000010)
    __rt_lib_init_return                     0x0800013f   Thumb Code     0  libinit2.o(.ARM.Collect$$libinit$$00000035)
    __rt_lib_init_signal_1                   0x0800013f   Thumb Code     0  libinit2.o(.ARM.Collect$$libinit$$0000001F)
    __rt_lib_init_stdio_1                    0x0800013f   Thumb Code     0  libinit2.o(.ARM.Collect$$libinit$$00000027)
    __rt_lib_init_user_alloc_1               0x0800013f   Thumb Code     0  libinit2.o(.ARM.Collect$$libinit$$0000000E)
    __rt_lib_shutdown                        0x08000141   Thumb Code     0  libshutdown.o(.ARM.Collect$$libshutdown$$00000000)
    __rt_lib_shutdown_cpp_1                  0x08000143   Thumb Code     0  libshutdown2.o(.ARM.Collect$$libshutdown$$00000002)
    __rt_lib_shutdown_fp_trap_1              0x08000143   Thumb Code     0  libshutdown2.o(.ARM.Collect$$libshutdown$$00000007)
    __rt_lib_shutdown_heap_1                 0x08000143   Thumb Code     0  libshutdown2.o(.ARM.Collect$$libshutdown$$0000000F)
    __rt_lib_shutdown_return                 0x08000143   Thumb Code     0  libshutdown2.o(.ARM.Collect$$libshutdown$$00000010)
    __rt_lib_shutdown_signal_1               0x08000143   Thumb Code     0  libshutdown2.o(.ARM.Collect$$libshutdown$$0000000A)
    __rt_lib_shutdown_stdio_1                0x08000143   Thumb Code     0  libshutdown2.o(.ARM.Collect$$libshutdown$$00000004)
    __rt_lib_shutdown_user_alloc_1           0x08000143   Thumb Code     0  libshutdown2.o(.ARM.Collect$$libshutdown$$0000000C)
    __rt_entry                               0x08000145   Thumb Code     0  __rtentry.o(.ARM.Collect$$rtentry$$00000000)
    __rt_entry_presh_1                       0x08000145   Thumb Code     0  __rtentry2.o(.ARM.Collect$$rtentry$$00000002)
    __rt_entry_sh                            0x08000145   Thumb Code     0  __rtentry4.o(.ARM.Collect$$rtentry$$00000004)
    __rt_entry_li                            0x0800014b   Thumb Code     0  __rtentry2.o(.ARM.Collect$$rtentry$$0000000A)
    __rt_entry_postsh_1                      0x0800014b   Thumb Code     0  __rtentry2.o(.ARM.Collect$$rtentry$$00000009)
    __rt_entry_main                          0x0800014f   Thumb Code     0  __rtentry2.o(.ARM.Collect$$rtentry$$0000000D)
    __rt_entry_postli_1                      0x0800014f   Thumb Code     0  __rtentry2.o(.ARM.Collect$$rtentry$$0000000C)
    __rt_exit                                0x08000157   Thumb Code     0  rtexit.o(.ARM.Collect$$rtexit$$00000000)
    __rt_exit_ls                             0x08000159   Thumb Code     0  rtexit2.o(.ARM.Collect$$rtexit$$00000003)
    __rt_exit_prels_1                        0x08000159   Thumb Code     0  rtexit2.o(.ARM.Collect$$rtexit$$00000002)
    __rt_exit_exit                           0x0800015d   Thumb Code     0  rtexit2.o(.ARM.Collect$$rtexit$$00000004)
    __aeabi_memcpy4                          0x08000165   Thumb Code    56  rt_memcpy.o(.emb_text)
    __aeabi_memcpy8                          0x08000165   Thumb Code     0  rt_memcpy.o(.emb_text)
    Reset_Handler                            0x0800019d   Thumb Code     8  startup_stm32f030xc.o(.text)
    ADC1_IRQHandler                          0x080001af   Thumb Code     0  startup_stm32f030xc.o(.text)
    DMA1_Channel1_IRQHandler                 0x080001af   Thumb Code     0  startup_stm32f030xc.o(.text)
    DMA1_Channel2_3_IRQHandler               0x080001af   Thumb Code     0  startup_stm32f030xc.o(.text)
    DMA1_Channel4_5_IRQHandler               0x080001af   Thumb Code     0  startup_stm32f030xc.o(.text)
    EXTI0_1_IRQHandler                       0x080001af   Thumb Code     0  startup_stm32f030xc.o(.text)
    EXTI4_15_IRQHandler                      0x080001af   Thumb Code     0  startup_stm32f030xc.o(.text)
    FLASH_IRQHandler                         0x080001af   Thumb Code     0  startup_stm32f030xc.o(.text)
    I2C2_IRQHandler                          0x080001af   Thumb Code     0  startup_stm32f030xc.o(.text)
    RCC_IRQHandler                           0x080001af   Thumb Code     0  startup_stm32f030xc.o(.text)
    RTC_IRQHandler                           0x080001af   Thumb Code     0  startup_stm32f030xc.o(.text)
    SPI1_IRQHandler                          0x080001af   Thumb Code     0  startup_stm32f030xc.o(.text)
    SPI2_IRQHandler                          0x080001af   Thumb Code     0  startup_stm32f030xc.o(.text)
    TIM14_IRQHandler                         0x080001af   Thumb Code     0  startup_stm32f030xc.o(.text)
    TIM15_IRQHandler                         0x080001af   Thumb Code     0  startup_stm32f030xc.o(.text)
    TIM16_IRQHandler                         0x080001af   Thumb Code     0  startup_stm32f030xc.o(.text)
    TIM17_IRQHandler                         0x080001af   Thumb Code     0  startup_stm32f030xc.o(.text)
    TIM1_BRK_UP_TRG_COM_IRQHandler           0x080001af   Thumb Code     0  startup_stm32f030xc.o(.text)
    TIM1_CC_IRQHandler                       0x080001af   Thumb Code     0  startup_stm32f030xc.o(.text)
    TIM3_IRQHandler                          0x080001af   Thumb Code     0  startup_stm32f030xc.o(.text)
    TIM6_IRQHandler                          0x080001af   Thumb Code     0  startup_stm32f030xc.o(.text)
    TIM7_IRQHandler                          0x080001af   Thumb Code     0  startup_stm32f030xc.o(.text)
    USART2_IRQHandler                        0x080001af   Thumb Code     0  startup_stm32f030xc.o(.text)
    WWDG_IRQHandler                          0x080001af   Thumb Code     0  startup_stm32f030xc.o(.text)
    __user_initial_stackheap                 0x080001b1   Thumb Code     0  startup_stm32f030xc.o(.text)
    malloc                                   0x080001d5   Thumb Code    98  h1_alloc.o(.text)
    free                                     0x08000237   Thumb Code    76  h1_free.o(.text)
    strtok                                   0x08000285   Thumb Code    10  strtok.o(.text)
    strstr                                   0x08000295   Thumb Code    40  strstr.o(.text)
    strcpy                                   0x080002bd   Thumb Code    70  strcpy.o(.text)
    strlen                                   0x08000309   Thumb Code    62  strlen.o(.text)
    strcat                                   0x0800034d   Thumb Code    24  strcat.o(.text)
    __aeabi_memcpy                           0x08000365   Thumb Code   130  rt_memcpy.o(.text)
    __rt_memcpy                              0x08000365   Thumb Code     0  rt_memcpy.o(.text)
    _memset_w                                0x080003e7   Thumb Code    26  rt_memclr.o(.text)
    _memset                                  0x08000401   Thumb Code    30  rt_memclr.o(.text)
    __aeabi_memclr                           0x0800041f   Thumb Code     4  rt_memclr.o(.text)
    __rt_memclr                              0x0800041f   Thumb Code     0  rt_memclr.o(.text)
    __aeabi_memclr4                          0x08000423   Thumb Code     0  rt_memclr.o(.text)
    __aeabi_memclr8                          0x08000423   Thumb Code     0  rt_memclr.o(.text)
    __rt_memclr_w                            0x08000423   Thumb Code     4  rt_memclr.o(.text)
    strcmp                                   0x08000429   Thumb Code   176  strcmpv6m.o(.text)
    __aeabi_uidivmod                         0x080004d9   Thumb Code    28  aeabi_sdivfast.o(.text)
    __aeabi_idivmod                          0x080004f5   Thumb Code   472  aeabi_sdivfast.o(.text)
    __use_two_region_memory                  0x080006d1   Thumb Code     2  heapauxi.o(.text)
    __rt_heap_escrow                         0x080006d3   Thumb Code     2  heapauxi.o(.text)
    __rt_heap_expand                         0x080006d5   Thumb Code     2  heapauxi.o(.text)
    __aeabi_d2f                              0x080006d9   Thumb Code     0  d2f.o(.text)
    _d2f                                     0x080006d9   Thumb Code   120  d2f.o(.text)
    __aeabi_dadd                             0x08000a4d   Thumb Code     0  daddsub.o(.text)
    _dadd                                    0x08000a4d   Thumb Code    26  daddsub.o(.text)
    __aeabi_dsub                             0x08000a67   Thumb Code     0  daddsub.o(.text)
    _dsub                                    0x08000a67   Thumb Code    22  daddsub.o(.text)
    __aeabi_drsub                            0x08000a7d   Thumb Code     0  daddsub.o(.text)
    _drsb                                    0x08000a7d   Thumb Code    28  daddsub.o(.text)
    __aeabi_i2d_normalise                    0x08000aad   Thumb Code    66  dflti.o(.text)
    __aeabi_i2d                              0x08000aef   Thumb Code    16  dflti.o(.text)
    _dflt                                    0x08000aef   Thumb Code     0  dflti.o(.text)
    __aeabi_ui2d                             0x08000aff   Thumb Code     6  dflti.o(.text)
    _dfltu                                   0x08000aff   Thumb Code     0  dflti.o(.text)
    __aeabi_dmul                             0x08000b05   Thumb Code     0  dmul.o(.text)
    _dmul                                    0x08000b05   Thumb Code   558  dmul.o(.text)
    __aeabi_f2d                              0x08000d4d   Thumb Code     0  f2d.o(.text)
    _f2d                                     0x08000d4d   Thumb Code    80  f2d.o(.text)
    __aeabi_fdiv                             0x08000da1   Thumb Code     0  fdiv.o(.text)
    _fdiv                                    0x08000da1   Thumb Code   334  fdiv.o(.text)
    _frdiv                                   0x08000eef   Thumb Code     8  fdiv.o(.text)
    __aeabi_f2iz                             0x08000f01   Thumb Code     0  ffixi.o(.text)
    _ffix                                    0x08000f01   Thumb Code    76  ffixi.o(.text)
    __aeabi_i2f_normalise                    0x08000f4d   Thumb Code    72  fflti.o(.text)
    __aeabi_i2f                              0x08000f95   Thumb Code    16  fflti.o(.text)
    _fflt                                    0x08000f95   Thumb Code     0  fflti.o(.text)
    __aeabi_ui2f                             0x08000fa5   Thumb Code     6  fflti.o(.text)
    _ffltu                                   0x08000fa5   Thumb Code     0  fflti.o(.text)
    __rt_heap_descriptor                     0x08000fad   Thumb Code     8  rt_heap_descriptor_intlibspace.o(.text)
    __use_no_heap                            0x08000fb5   Thumb Code     2  hguard.o(.text)
    __heap$guard                             0x08000fb7   Thumb Code     2  hguard.o(.text)
    _terminate_user_alloc                    0x08000fb9   Thumb Code     2  init_alloc.o(.text)
    _init_user_alloc                         0x08000fbb   Thumb Code     2  init_alloc.o(.text)
    __Heap_Full                              0x08000fbd   Thumb Code    32  init_alloc.o(.text)
    __Heap_Broken                            0x08000fdd   Thumb Code    10  init_alloc.o(.text)
    _init_alloc                              0x08000fe7   Thumb Code    90  init_alloc.o(.text)
    __Heap_Initialize                        0x08001041   Thumb Code    10  h1_init.o(.text)
    __Heap_DescSize                          0x0800104b   Thumb Code     4  h1_init.o(.text)
    __strtok_internal                        0x08001051   Thumb Code    66  strtok_int.o(.text)
    __user_libspace                          0x08001099   Thumb Code     8  libspace.o(.text)
    __user_perproc_libspace                  0x08001099   Thumb Code     0  libspace.o(.text)
    __user_perthread_libspace                0x08001099   Thumb Code     0  libspace.o(.text)
    __Heap_ProvideMemory                     0x080010a1   Thumb Code    52  h1_extend.o(.text)
    _maybe_terminate_alloc                   0x080010a1   Thumb Code     0  maybetermalloc1.o(.text)
    __rt_SIGRTMEM                            0x080010d5   Thumb Code    12  defsig_rtmem_outer.o(.text)
    strcspn                                  0x080010e1   Thumb Code    34  strcspn.o(.text)
    strspn                                   0x08001103   Thumb Code    32  strspn.o(.text)
    __I$use$semihosting                      0x08001123   Thumb Code     0  use_no_semi.o(.text)
    __use_no_semihosting_swi                 0x08001123   Thumb Code     2  use_no_semi.o(.text)
    __semihosting_library_function           0x08001125   Thumb Code     0  indicate_semi.o(.text)
    __user_setup_stackheap                   0x08001125   Thumb Code    62  sys_stackheap_outer.o(.text)
    exit                                     0x08001163   Thumb Code    16  exit.o(.text)
    __sig_exit                               0x08001173   Thumb Code    12  defsig_exit.o(.text)
    __rt_SIGRTMEM_inner                      0x08001181   Thumb Code    22  defsig_rtmem_inner.o(.text)
    _sys_exit                                0x080011d1   Thumb Code     8  sys_exit.o(.text)
    __default_signal_display                 0x080011dd   Thumb Code    52  defsig_general.o(.text)
    _ttywrch                                 0x08001211   Thumb Code    12  sys_wrch.o(.text)
    EXTI2_3_IRQHandler                       0x0800121d   Thumb Code    10  stm32f0xx_it.o(.text.EXTI2_3_IRQHandler)
    HAL_DMA_Abort                            0x08001227   Thumb Code    62  stm32f0xx_hal_dma.o(.text.HAL_DMA_Abort)
    HAL_DMA_Abort_IT                         0x08001265   Thumb Code    66  stm32f0xx_hal_dma.o(.text.HAL_DMA_Abort_IT)
    HAL_DMA_GetState                         0x080012a7   Thumb Code     6  stm32f0xx_hal_dma.o(.text.HAL_DMA_GetState)
    HAL_Delay                                0x080012ad   Thumb Code    32  stm32f0xx_hal.o(.text.HAL_Delay)
    HAL_GPIO_EXTI_Callback                   0x080012d1   Thumb Code    20  main.o(.text.HAL_GPIO_EXTI_Callback)
    HAL_GPIO_EXTI_IRQHandler                 0x080012e9   Thumb Code    20  stm32f0xx_hal_gpio.o(.text.HAL_GPIO_EXTI_IRQHandler)
    HAL_GPIO_Init                            0x08001301   Thumb Code   412  stm32f0xx_hal_gpio.o(.text.HAL_GPIO_Init)
    HAL_GPIO_TogglePin                       0x080014b5   Thumb Code    16  stm32f0xx_hal_gpio.o(.text.HAL_GPIO_TogglePin)
    HAL_GPIO_WritePin                        0x080014c5   Thumb Code    16  stm32f0xx_hal_gpio.o(.text.HAL_GPIO_WritePin)
    HAL_GetTick                              0x080014d5   Thumb Code     8  stm32f0xx_hal.o(.text.HAL_GetTick)
    HAL_I2CEx_ConfigAnalogFilter             0x080014e1   Thumb Code    66  stm32f0xx_hal_i2c_ex.o(.text.HAL_I2CEx_ConfigAnalogFilter)
    HAL_I2CEx_ConfigDigitalFilter            0x08001523   Thumb Code    66  stm32f0xx_hal_i2c_ex.o(.text.HAL_I2CEx_ConfigDigitalFilter)
    HAL_I2C_AbortCpltCallback                0x08001565   Thumb Code     2  stm32f0xx_hal_i2c.o(.text.HAL_I2C_AbortCpltCallback)
    HAL_I2C_AddrCallback                     0x08001567   Thumb Code     2  stm32f0xx_hal_i2c.o(.text.HAL_I2C_AddrCallback)
    HAL_I2C_ER_IRQHandler                    0x08001569   Thumb Code   130  stm32f0xx_hal_i2c.o(.text.HAL_I2C_ER_IRQHandler)
    HAL_I2C_EV_IRQHandler                    0x080015eb   Thumb Code    18  stm32f0xx_hal_i2c.o(.text.HAL_I2C_EV_IRQHandler)
    HAL_I2C_ErrorCallback                    0x080015fd   Thumb Code     2  stm32f0xx_hal_i2c.o(.text.HAL_I2C_ErrorCallback)
    HAL_I2C_Init                             0x08001601   Thumb Code   160  stm32f0xx_hal_i2c.o(.text.HAL_I2C_Init)
    HAL_I2C_ListenCpltCallback               0x080016a9   Thumb Code     2  stm32f0xx_hal_i2c.o(.text.HAL_I2C_ListenCpltCallback)
    HAL_I2C_Mem_Write                        0x080016ad   Thumb Code   524  stm32f0xx_hal_i2c.o(.text.HAL_I2C_Mem_Write)
    HAL_I2C_MspInit                          0x080018d1   Thumb Code   100  stm32f0xx_hal_msp.o(.text.HAL_I2C_MspInit)
    HAL_I2C_SlaveRxCpltCallback              0x08001941   Thumb Code     2  stm32f0xx_hal_i2c.o(.text.HAL_I2C_SlaveRxCpltCallback)
    HAL_I2C_SlaveTxCpltCallback              0x08001943   Thumb Code     2  stm32f0xx_hal_i2c.o(.text.HAL_I2C_SlaveTxCpltCallback)
    HAL_IncTick                              0x08001945   Thumb Code    16  stm32f0xx_hal.o(.text.HAL_IncTick)
    HAL_Init                                 0x08001959   Thumb Code    28  stm32f0xx_hal.o(.text.HAL_Init)
    HAL_InitTick                             0x08001975   Thumb Code    60  stm32f0xx_hal.o(.text.HAL_InitTick)
    HAL_MspInit                              0x080019b5   Thumb Code    40  stm32f0xx_hal_msp.o(.text.HAL_MspInit)
    HAL_NVIC_EnableIRQ                       0x080019e1   Thumb Code    20  stm32f0xx_hal_cortex.o(.text.HAL_NVIC_EnableIRQ)
    HAL_NVIC_SetPriority                     0x080019f9   Thumb Code    48  stm32f0xx_hal_cortex.o(.text.HAL_NVIC_SetPriority)
    HAL_PWR_EnterSTOPMode                    0x08001a31   Thumb Code    52  stm32f0xx_hal_pwr.o(.text.HAL_PWR_EnterSTOPMode)
    HAL_RCCEx_PeriphCLKConfig                0x08001a69   Thumb Code   244  stm32f0xx_hal_rcc_ex.o(.text.HAL_RCCEx_PeriphCLKConfig)
    HAL_RCC_ClockConfig                      0x08001b69   Thumb Code   300  stm32f0xx_hal_rcc.o(.text.HAL_RCC_ClockConfig)
    HAL_RCC_GetPCLK1Freq                     0x08001ca1   Thumb Code    20  stm32f0xx_hal_rcc.o(.text.HAL_RCC_GetPCLK1Freq)
    HAL_RCC_GetSysClockFreq                  0x08001cbd   Thumb Code    44  stm32f0xx_hal_rcc.o(.text.HAL_RCC_GetSysClockFreq)
    HAL_RCC_OscConfig                        0x08001cf9   Thumb Code  1028  stm32f0xx_hal_rcc.o(.text.HAL_RCC_OscConfig)
    HAL_ResumeTick                           0x08002109   Thumb Code    12  stm32f0xx_hal.o(.text.HAL_ResumeTick)
    HAL_SYSTICK_Config                       0x08002115   Thumb Code    40  stm32f0xx_hal_cortex.o(.text.HAL_SYSTICK_Config)
    HAL_SuspendTick                          0x08002145   Thumb Code    12  stm32f0xx_hal.o(.text.HAL_SuspendTick)
    HAL_UARTEx_RxEventCallback               0x08002155   Thumb Code     2  stm32f0xx_hal_uart.o(.text.HAL_UARTEx_RxEventCallback)
    HAL_UART_ErrorCallback                   0x08002157   Thumb Code     2  stm32f0xx_hal_uart.o(.text.HAL_UART_ErrorCallback)
    HAL_UART_IRQHandler                      0x08002159   Thumb Code   972  stm32f0xx_hal_uart.o(.text.HAL_UART_IRQHandler)
    HAL_UART_Init                            0x08002531   Thumb Code   104  stm32f0xx_hal_uart.o(.text.HAL_UART_Init)
    HAL_UART_MspInit                         0x08002599   Thumb Code   164  stm32f0xx_hal_msp.o(.text.HAL_UART_MspInit)
    HAL_UART_Receive_IT                      0x08002649   Thumb Code   102  stm32f0xx_hal_uart.o(.text.HAL_UART_Receive_IT)
    HAL_UART_RxCpltCallback                  0x080026b1   Thumb Code   124  main.o(.text.HAL_UART_RxCpltCallback)
    HAL_UART_Transmit                        0x08002741   Thumb Code   212  stm32f0xx_hal_uart.o(.text.HAL_UART_Transmit)
    HAL_UART_Transmit_IT                     0x08002819   Thumb Code   108  stm32f0xx_hal_uart.o(.text.HAL_UART_Transmit_IT)
    HAL_UART_TxCpltCallback                  0x0800288d   Thumb Code     2  stm32f0xx_hal_uart.o(.text.HAL_UART_TxCpltCallback)
    HardFault_Handler                        0x0800288f   Thumb Code     2  stm32f0xx_it.o(.text.HardFault_Handler)
    I2C1_IRQHandler                          0x08002891   Thumb Code    32  stm32f0xx_it.o(.text.I2C1_IRQHandler)
    Init_System                              0x08003385   Thumb Code   100  main.o(.text.Init_System)
    MC60_PowerOn                             0x08003419   Thumb Code    44  mc60.o(.text.MC60_PowerOn)
    MC60_Server_Pub                          0x08003449   Thumb Code   328  mc60.o(.text.MC60_Server_Pub)
    NMI_Handler                              0x08003611   Thumb Code     2  stm32f0xx_it.o(.text.NMI_Handler)
    PendSV_Handler                           0x08003613   Thumb Code     2  stm32f0xx_it.o(.text.PendSV_Handler)
    SVC_Handler                              0x08003615   Thumb Code     2  stm32f0xx_it.o(.text.SVC_Handler)
    SysTick_Handler                          0x08003617   Thumb Code     8  stm32f0xx_it.o(.text.SysTick_Handler)
    SystemInit                               0x0800361f   Thumb Code     2  system_stm32f0xx.o(.text.SystemInit)
    UART_AdvFeatureConfig                    0x08003621   Thumb Code   210  stm32f0xx_hal_uart.o(.text.UART_AdvFeatureConfig)
    UART_CheckIdleState                      0x080036f5   Thumb Code   192  stm32f0xx_hal_uart.o(.text.UART_CheckIdleState)
    UART_Rx_Process                          0x08003965   Thumb Code   184  main.o(.text.UART_Rx_Process)
    UART_SetConfig                           0x08003a55   Thumb Code   296  stm32f0xx_hal_uart.o(.text.UART_SetConfig)
    UART_Start_Receive_IT                    0x08003bb9   Thumb Code   192  stm32f0xx_hal_uart.o(.text.UART_Start_Receive_IT)
    UART_WaitOnFlagUntilTimeout              0x08003d39   Thumb Code   418  stm32f0xx_hal_uart.o(.text.UART_WaitOnFlagUntilTimeout)
    USART1_IRQHandler                        0x08003edd   Thumb Code    12  stm32f0xx_it.o(.text.USART1_IRQHandler)
    USART3_6_IRQHandler                      0x08003eed   Thumb Code    12  stm32f0xx_it.o(.text.USART3_6_IRQHandler)
    configureNoMotionInterrupt               0x08003efd   Thumb Code   202  bma253.o(.text.configureNoMotionInterrupt)
    decodeLat                                0x08003fc9   Thumb Code   220  gnss_data.o(.text.decodeLat)
    decodeLong                               0x080040a5   Thumb Code   220  gnss_data.o(.text.decodeLong)
    decodeRMC                                0x08004191   Thumb Code  1308  gnss_data.o(.text.decodeRMC)
    expectedResponse                         0x080046c5   Thumb Code   248  main.o(.text.expectedResponse)
    floatToString                            0x08004881   Thumb Code   792  gnss_data.o(.text.floatToString)
    get_sentence_by_header                   0x08004b9d   Thumb Code   112  gnss_data.o(.text.get_sentence_by_header)
    lat_long_data_format                     0x08004c11   Thumb Code   196  mc60.o(.text.lat_long_data_format)
    main                                     0x08004ced   Thumb Code   720  main.o(.text.main)
    sendCommandToMC60                        0x0800500d   Thumb Code    76  main.o(.text.sendCommandToMC60)
    __aeabi_uidiv                            0x08005065   Thumb Code    68  aeabi_sdivfast.o(.text_divfast)
    __aeabi_idiv                             0x080050a9   Thumb Code   434  aeabi_sdivfast.o(.text_divfast)
    __aeabi_fadd                             0x0800525d   Thumb Code     0  faddsub.o(x$fpl$fadd)
    _fadd                                    0x0800525d   Thumb Code   134  faddsub.o(x$fpl$fadd)
    __aeabi_fmul                             0x080052e9   Thumb Code     0  fmul.o(x$fpl$fmul)
    _fmul                                    0x080052e9   Thumb Code   172  fmul.o(x$fpl$fmul)
    __aeabi_fsub                             0x08005399   Thumb Code     0  faddsub.o(x$fpl$fsub)
    _fsub                                    0x08005399   Thumb Code   204  faddsub.o(x$fpl$fsub)
    __I$use$fp                               0x08005468   Number         0  usenofp.o(x$fpl$usenofp)
    AHBPrescTable                            0x080054a8   Data          16  system_stm32f0xx.o(.rodata.AHBPrescTable)
    APBPrescTable                            0x080054b8   Data           8  system_stm32f0xx.o(.rodata.APBPrescTable)
    Region$$Table$$Base                      0x08005690   Number         0  anon$$obj.o(Region$$Table)
    Region$$Table$$Limit                     0x080056b0   Number         0  anon$$obj.o(Region$$Table)
    uwTickFreq                               0x20000004   Data           1  stm32f0xx_hal.o(.data..L_MergedGlobals)
    uwTickPrio                               0x20000008   Data           4  stm32f0xx_hal.o(.data..L_MergedGlobals)
    SystemCoreClock                          0x2000000c   Data           4  system_stm32f0xx.o(.data.SystemCoreClock)
    ctrlZ                                    0x20000010   Data           1  mc60.o(.data.ctrlZ)
    tmp                                      0x20000011   Data           1  main.o(.data.tmp)
    __libspace_start                         0x20000018   Data          96  libspace.o(.bss)
    __temporary_stack_top$libspace           0x20000078   Data           0  libspace.o(.bss)
    rmc_data                                 0x20000078   Data           4  mc60.o(.bss..L_MergedGlobals)
    rmc                                      0x2000007c   Data          47  mc60.o(.bss..L_MergedGlobals)
    rx_index                                 0x200000ac   Data           1  main.o(.bss..L_MergedGlobals)
    rx_index_temp                            0x200000ad   Data           1  main.o(.bss..L_MergedGlobals)
    receive_flag                             0x200000ae   Data           1  main.o(.bss..L_MergedGlobals)
    start_time                               0x200000b0   Data           4  main.o(.bss..L_MergedGlobals)
    count                                    0x200000b4   Data           4  main.o(.bss..L_MergedGlobals)
    hi2c1                                    0x200000b8   Data          84  main.o(.bss..L_MergedGlobals)
    huart1                                   0x2000010c   Data         136  main.o(.bss.huart1)
    huart3                                   0x20000194   Data         136  main.o(.bss.huart3)
    rx_buffer                                0x2000021c   Data        2048  main.o(.bss.rx_buffer)
    rx_buffer_temp                           0x20000a1c   Data        2048  main.o(.bss.rx_buffer_temp)
    rxbuffer_temporary                       0x2000121c   Data         100  mc60.o(.bss.rxbuffer_temporary)
    uwTick                                   0x20001280   Data           4  stm32f0xx_hal.o(.bss.uwTick)



==============================================================================

Memory Map of the image

  Image Entry point : 0x080000b9

  Load Region LR_IROM1 (Base: 0x08000000, Size: 0x000056c8, Max: 0x00040000, ABSOLUTE)

    Execution Region ER_IROM1 (Exec base: 0x08000000, Load base: 0x08000000, Size: 0x000056b0, Max: 0x00040000, ABSOLUTE)

    Exec Addr    Load Addr    Size         Type   Attr      Idx    E Section Name        Object

    0x08000000   0x08000000   0x000000b8   Data   RO            3    RESET               startup_stm32f030xc.o
    0x080000b8   0x080000b8   0x00000008   Code   RO          905  * !!!main             c_p.l(__main.o)
    0x080000c0   0x080000c0   0x0000003c   Code   RO         1156    !!!scatter          c_p.l(__scatter.o)
    0x080000fc   0x080000fc   0x0000001a   Code   RO         1158    !!handler_copy      c_p.l(__scatter_copy.o)
    0x08000116   0x08000116   0x00000002   PAD
    0x08000118   0x08000118   0x0000001c   Code   RO         1160    !!handler_zi        c_p.l(__scatter_zi.o)
    0x08000134   0x08000134   0x00000002   Code   RO         1090    .ARM.Collect$$libinit$$00000000  c_p.l(libinit.o)
    0x08000136   0x08000136   0x00000000   Code   RO          967    .ARM.Collect$$libinit$$00000002  c_p.l(libinit2.o)
    0x08000136   0x08000136   0x00000000   Code   RO          969    .ARM.Collect$$libinit$$00000004  c_p.l(libinit2.o)
    0x08000136   0x08000136   0x00000000   Code   RO          971    .ARM.Collect$$libinit$$00000006  c_p.l(libinit2.o)
    0x08000136   0x08000136   0x00000008   Code   RO          972    .ARM.Collect$$libinit$$00000007  c_p.l(libinit2.o)
    0x0800013e   0x0800013e   0x00000000   Code   RO          974    .ARM.Collect$$libinit$$0000000C  c_p.l(libinit2.o)
    0x0800013e   0x0800013e   0x00000000   Code   RO          976    .ARM.Collect$$libinit$$0000000E  c_p.l(libinit2.o)
    0x0800013e   0x0800013e   0x00000000   Code   RO          978    .ARM.Collect$$libinit$$00000010  c_p.l(libinit2.o)
    0x0800013e   0x0800013e   0x00000000   Code   RO          981    .ARM.Collect$$libinit$$00000013  c_p.l(libinit2.o)
    0x0800013e   0x0800013e   0x00000000   Code   RO          983    .ARM.Collect$$libinit$$00000015  c_p.l(libinit2.o)
    0x0800013e   0x0800013e   0x00000000   Code   RO          985    .ARM.Collect$$libinit$$00000017  c_p.l(libinit2.o)
    0x0800013e   0x0800013e   0x00000000   Code   RO          987    .ARM.Collect$$libinit$$00000019  c_p.l(libinit2.o)
    0x0800013e   0x0800013e   0x00000000   Code   RO          989    .ARM.Collect$$libinit$$0000001B  c_p.l(libinit2.o)
    0x0800013e   0x0800013e   0x00000000   Code   RO          991    .ARM.Collect$$libinit$$0000001D  c_p.l(libinit2.o)
    0x0800013e   0x0800013e   0x00000000   Code   RO          993    .ARM.Collect$$libinit$$0000001F  c_p.l(libinit2.o)
    0x0800013e   0x0800013e   0x00000000   Code   RO          995    .ARM.Collect$$libinit$$00000021  c_p.l(libinit2.o)
    0x0800013e   0x0800013e   0x00000000   Code   RO          997    .ARM.Collect$$libinit$$00000023  c_p.l(libinit2.o)
    0x0800013e   0x0800013e   0x00000000   Code   RO          999    .ARM.Collect$$libinit$$00000025  c_p.l(libinit2.o)
    0x0800013e   0x0800013e   0x00000000   Code   RO         1001    .ARM.Collect$$libinit$$00000027  c_p.l(libinit2.o)
    0x0800013e   0x0800013e   0x00000000   Code   RO         1005    .ARM.Collect$$libinit$$0000002E  c_p.l(libinit2.o)
    0x0800013e   0x0800013e   0x00000000   Code   RO         1007    .ARM.Collect$$libinit$$00000030  c_p.l(libinit2.o)
    0x0800013e   0x0800013e   0x00000000   Code   RO         1009    .ARM.Collect$$libinit$$00000032  c_p.l(libinit2.o)
    0x0800013e   0x0800013e   0x00000000   Code   RO         1011    .ARM.Collect$$libinit$$00000034  c_p.l(libinit2.o)
    0x0800013e   0x0800013e   0x00000002   Code   RO         1012    .ARM.Collect$$libinit$$00000035  c_p.l(libinit2.o)
    0x08000140   0x08000140   0x00000002   Code   RO         1153    .ARM.Collect$$libshutdown$$00000000  c_p.l(libshutdown.o)
    0x08000142   0x08000142   0x00000000   Code   RO         1109    .ARM.Collect$$libshutdown$$00000002  c_p.l(libshutdown2.o)
    0x08000142   0x08000142   0x00000000   Code   RO         1111    .ARM.Collect$$libshutdown$$00000004  c_p.l(libshutdown2.o)
    0x08000142   0x08000142   0x00000000   Code   RO         1114    .ARM.Collect$$libshutdown$$00000007  c_p.l(libshutdown2.o)
    0x08000142   0x08000142   0x00000000   Code   RO         1117    .ARM.Collect$$libshutdown$$0000000A  c_p.l(libshutdown2.o)
    0x08000142   0x08000142   0x00000000   Code   RO         1119    .ARM.Collect$$libshutdown$$0000000C  c_p.l(libshutdown2.o)
    0x08000142   0x08000142   0x00000000   Code   RO         1122    .ARM.Collect$$libshutdown$$0000000F  c_p.l(libshutdown2.o)
    0x08000142   0x08000142   0x00000002   Code   RO         1123    .ARM.Collect$$libshutdown$$00000010  c_p.l(libshutdown2.o)
    0x08000144   0x08000144   0x00000000   Code   RO          934    .ARM.Collect$$rtentry$$00000000  c_p.l(__rtentry.o)
    0x08000144   0x08000144   0x00000000   Code   RO         1022    .ARM.Collect$$rtentry$$00000002  c_p.l(__rtentry2.o)
    0x08000144   0x08000144   0x00000006   Code   RO         1034    .ARM.Collect$$rtentry$$00000004  c_p.l(__rtentry4.o)
    0x0800014a   0x0800014a   0x00000000   Code   RO         1024    .ARM.Collect$$rtentry$$00000009  c_p.l(__rtentry2.o)
    0x0800014a   0x0800014a   0x00000004   Code   RO         1025    .ARM.Collect$$rtentry$$0000000A  c_p.l(__rtentry2.o)
    0x0800014e   0x0800014e   0x00000000   Code   RO         1027    .ARM.Collect$$rtentry$$0000000C  c_p.l(__rtentry2.o)
    0x0800014e   0x0800014e   0x00000008   Code   RO         1028    .ARM.Collect$$rtentry$$0000000D  c_p.l(__rtentry2.o)
    0x08000156   0x08000156   0x00000002   Code   RO         1096    .ARM.Collect$$rtexit$$00000000  c_p.l(rtexit.o)
    0x08000158   0x08000158   0x00000000   Code   RO         1129    .ARM.Collect$$rtexit$$00000002  c_p.l(rtexit2.o)
    0x08000158   0x08000158   0x00000004   Code   RO         1130    .ARM.Collect$$rtexit$$00000003  c_p.l(rtexit2.o)
    0x0800015c   0x0800015c   0x00000006   Code   RO         1131    .ARM.Collect$$rtexit$$00000004  c_p.l(rtexit2.o)
    0x08000162   0x08000162   0x00000002   PAD
    0x08000164   0x08000164   0x00000038   Code   RO          887    .emb_text           c_p.l(rt_memcpy.o)
    0x0800019c   0x0800019c   0x00000038   Code   RO            4    .text               startup_stm32f030xc.o
    0x080001d4   0x080001d4   0x00000062   Code   RO          816    .text               c_p.l(h1_alloc.o)
    0x08000236   0x08000236   0x0000004c   Code   RO          818    .text               c_p.l(h1_free.o)
    0x08000282   0x08000282   0x00000002   PAD
    0x08000284   0x08000284   0x00000010   Code   RO          876    .text               c_p.l(strtok.o)
    0x08000294   0x08000294   0x00000028   Code   RO          879    .text               c_p.l(strstr.o)
    0x080002bc   0x080002bc   0x0000004c   Code   RO          881    .text               c_p.l(strcpy.o)
    0x08000308   0x08000308   0x00000044   Code   RO          883    .text               c_p.l(strlen.o)
    0x0800034c   0x0800034c   0x00000018   Code   RO          885    .text               c_p.l(strcat.o)
    0x08000364   0x08000364   0x00000082   Code   RO          888    .text               c_p.l(rt_memcpy.o)
    0x080003e6   0x080003e6   0x00000040   Code   RO          891    .text               c_p.l(rt_memclr.o)
    0x08000426   0x08000426   0x00000002   PAD
    0x08000428   0x08000428   0x000000b0   Code   RO          893    .text               c_p.l(strcmpv6m.o)
    0x080004d8   0x080004d8   0x000001f8   Code   RO          895    .text               c_p.l(aeabi_sdivfast.o)
    0x080006d0   0x080006d0   0x00000006   Code   RO          903    .text               c_p.l(heapauxi.o)
    0x080006d6   0x080006d6   0x00000002   PAD
    0x080006d8   0x080006d8   0x0000007c   Code   RO          907    .text               fz_ps.l(d2f.o)
    0x08000754   0x08000754   0x00000358   Code   RO          909    .text               fz_ps.l(daddsub.o)
    0x08000aac   0x08000aac   0x00000058   Code   RO          911    .text               fz_ps.l(dflti.o)
    0x08000b04   0x08000b04   0x00000248   Code   RO          913    .text               fz_ps.l(dmul.o)
    0x08000d4c   0x08000d4c   0x00000054   Code   RO          915    .text               fz_ps.l(f2d.o)
    0x08000da0   0x08000da0   0x00000160   Code   RO          923    .text               fz_ps.l(fdiv.o)
    0x08000f00   0x08000f00   0x0000004c   Code   RO          926    .text               fz_ps.l(ffixi.o)
    0x08000f4c   0x08000f4c   0x0000005e   Code   RO          928    .text               fz_ps.l(fflti.o)
    0x08000faa   0x08000faa   0x00000002   PAD
    0x08000fac   0x08000fac   0x00000008   Code   RO          942    .text               c_p.l(rt_heap_descriptor_intlibspace.o)
    0x08000fb4   0x08000fb4   0x00000004   Code   RO          944    .text               c_p.l(hguard.o)
    0x08000fb8   0x08000fb8   0x00000088   Code   RO          946    .text               c_p.l(init_alloc.o)
    0x08001040   0x08001040   0x0000000e   Code   RO          950    .text               c_p.l(h1_init.o)
    0x0800104e   0x0800104e   0x00000002   PAD
    0x08001050   0x08001050   0x00000048   Code   RO          962    .text               c_p.l(strtok_int.o)
    0x08001098   0x08001098   0x00000008   Code   RO         1018    .text               c_p.l(libspace.o)
    0x080010a0   0x080010a0   0x00000000   Code   RO         1040    .text               c_p.l(maybetermalloc1.o)
    0x080010a0   0x080010a0   0x00000034   Code   RO         1042    .text               c_p.l(h1_extend.o)
    0x080010d4   0x080010d4   0x0000000c   Code   RO         1046    .text               c_p.l(defsig_rtmem_outer.o)
    0x080010e0   0x080010e0   0x00000022   Code   RO         1050    .text               c_p.l(strcspn.o)
    0x08001102   0x08001102   0x00000020   Code   RO         1052    .text               c_p.l(strspn.o)
    0x08001122   0x08001122   0x00000002   Code   RO         1061    .text               c_p.l(use_no_semi.o)
    0x08001124   0x08001124   0x00000000   Code   RO         1063    .text               c_p.l(indicate_semi.o)
    0x08001124   0x08001124   0x0000003e   Code   RO         1064    .text               c_p.l(sys_stackheap_outer.o)
    0x08001162   0x08001162   0x00000010   Code   RO         1071    .text               c_p.l(exit.o)
    0x08001172   0x08001172   0x0000000c   Code   RO         1073    .text               c_p.l(defsig_exit.o)
    0x0800117e   0x0800117e   0x00000002   PAD
    0x08001180   0x08001180   0x00000050   Code   RO         1079    .text               c_p.l(defsig_rtmem_inner.o)
    0x080011d0   0x080011d0   0x0000000c   Code   RO         1091    .text               c_p.l(sys_exit.o)
    0x080011dc   0x080011dc   0x00000034   Code   RO         1104    .text               c_p.l(defsig_general.o)
    0x08001210   0x08001210   0x0000000c   Code   RO         1124    .text               c_p.l(sys_wrch.o)
    0x0800121c   0x0800121c   0x0000000a   Code   RO          134    .text.EXTI2_3_IRQHandler  stm32f0xx_it.o
    0x08001226   0x08001226   0x0000003e   Code   RO          474    .text.HAL_DMA_Abort  stm32f0xx_hal_dma.o
    0x08001264   0x08001264   0x00000042   Code   RO          476    .text.HAL_DMA_Abort_IT  stm32f0xx_hal_dma.o
    0x080012a6   0x080012a6   0x00000006   Code   RO          486    .text.HAL_DMA_GetState  stm32f0xx_hal_dma.o
    0x080012ac   0x080012ac   0x00000024   Code   RO          406    .text.HAL_Delay     stm32f0xx_hal.o
    0x080012d0   0x080012d0   0x00000018   Code   RO           79    .text.HAL_GPIO_EXTI_Callback  main.o
    0x080012e8   0x080012e8   0x00000018   Code   RO          454    .text.HAL_GPIO_EXTI_IRQHandler  stm32f0xx_hal_gpio.o
    0x08001300   0x08001300   0x000001b4   Code   RO          442    .text.HAL_GPIO_Init  stm32f0xx_hal_gpio.o
    0x080014b4   0x080014b4   0x00000010   Code   RO          450    .text.HAL_GPIO_TogglePin  stm32f0xx_hal_gpio.o
    0x080014c4   0x080014c4   0x00000010   Code   RO          448    .text.HAL_GPIO_WritePin  stm32f0xx_hal_gpio.o
    0x080014d4   0x080014d4   0x0000000c   Code   RO          398    .text.HAL_GetTick   stm32f0xx_hal.o
    0x080014e0   0x080014e0   0x00000042   Code   RO          321    .text.HAL_I2CEx_ConfigAnalogFilter  stm32f0xx_hal_i2c_ex.o
    0x08001522   0x08001522   0x00000042   Code   RO          323    .text.HAL_I2CEx_ConfigDigitalFilter  stm32f0xx_hal_i2c_ex.o
    0x08001564   0x08001564   0x00000002   Code   RO          293    .text.HAL_I2C_AbortCpltCallback  stm32f0xx_hal_i2c.o
    0x08001566   0x08001566   0x00000002   Code   RO          283    .text.HAL_I2C_AddrCallback  stm32f0xx_hal_i2c.o
    0x08001568   0x08001568   0x00000082   Code   RO          271    .text.HAL_I2C_ER_IRQHandler  stm32f0xx_hal_i2c.o
    0x080015ea   0x080015ea   0x00000012   Code   RO          269    .text.HAL_I2C_EV_IRQHandler  stm32f0xx_hal_i2c.o
    0x080015fc   0x080015fc   0x00000002   Code   RO          291    .text.HAL_I2C_ErrorCallback  stm32f0xx_hal_i2c.o
    0x080015fe   0x080015fe   0x00000002   PAD
    0x08001600   0x08001600   0x000000a8   Code   RO          167    .text.HAL_I2C_Init  stm32f0xx_hal_i2c.o
    0x080016a8   0x080016a8   0x00000002   Code   RO          285    .text.HAL_I2C_ListenCpltCallback  stm32f0xx_hal_i2c.o
    0x080016aa   0x080016aa   0x00000002   PAD
    0x080016ac   0x080016ac   0x00000224   Code   RO          227    .text.HAL_I2C_Mem_Write  stm32f0xx_hal_i2c.o
    0x080018d0   0x080018d0   0x00000070   Code   RO          151    .text.HAL_I2C_MspInit  stm32f0xx_hal_msp.o
    0x08001940   0x08001940   0x00000002   Code   RO          281    .text.HAL_I2C_SlaveRxCpltCallback  stm32f0xx_hal_i2c.o
    0x08001942   0x08001942   0x00000002   Code   RO          279    .text.HAL_I2C_SlaveTxCpltCallback  stm32f0xx_hal_i2c.o
    0x08001944   0x08001944   0x00000014   Code   RO          396    .text.HAL_IncTick   stm32f0xx_hal.o
    0x08001958   0x08001958   0x0000001c   Code   RO          386    .text.HAL_Init      stm32f0xx_hal.o
    0x08001974   0x08001974   0x00000040   Code   RO          388    .text.HAL_InitTick  stm32f0xx_hal.o
    0x080019b4   0x080019b4   0x0000002c   Code   RO          149    .text.HAL_MspInit   stm32f0xx_hal_msp.o
    0x080019e0   0x080019e0   0x00000018   Code   RO          500    .text.HAL_NVIC_EnableIRQ  stm32f0xx_hal_cortex.o
    0x080019f8   0x080019f8   0x00000038   Code   RO          498    .text.HAL_NVIC_SetPriority  stm32f0xx_hal_cortex.o
    0x08001a30   0x08001a30   0x00000038   Code   RO          542    .text.HAL_PWR_EnterSTOPMode  stm32f0xx_hal_pwr.o
    0x08001a68   0x08001a68   0x00000100   Code   RO          372    .text.HAL_RCCEx_PeriphCLKConfig  stm32f0xx_hal_rcc_ex.o
    0x08001b68   0x08001b68   0x00000138   Code   RO          341    .text.HAL_RCC_ClockConfig  stm32f0xx_hal_rcc.o
    0x08001ca0   0x08001ca0   0x0000001c   Code   RO          353    .text.HAL_RCC_GetPCLK1Freq  stm32f0xx_hal_rcc.o
    0x08001cbc   0x08001cbc   0x0000003c   Code   RO          343    .text.HAL_RCC_GetSysClockFreq  stm32f0xx_hal_rcc.o
    0x08001cf8   0x08001cf8   0x00000410   Code   RO          339    .text.HAL_RCC_OscConfig  stm32f0xx_hal_rcc.o
    0x08002108   0x08002108   0x0000000c   Code   RO          410    .text.HAL_ResumeTick  stm32f0xx_hal.o
    0x08002114   0x08002114   0x00000030   Code   RO          506    .text.HAL_SYSTICK_Config  stm32f0xx_hal_cortex.o
    0x08002144   0x08002144   0x00000010   Code   RO          408    .text.HAL_SuspendTick  stm32f0xx_hal.o
    0x08002154   0x08002154   0x00000002   Code   RO          730    .text.HAL_UARTEx_RxEventCallback  stm32f0xx_hal_uart.o
    0x08002156   0x08002156   0x00000002   Code   RO          728    .text.HAL_UART_ErrorCallback  stm32f0xx_hal_uart.o
    0x08002158   0x08002158   0x000003d8   Code   RO          724    .text.HAL_UART_IRQHandler  stm32f0xx_hal_uart.o
    0x08002530   0x08002530   0x00000068   Code   RO          646    .text.HAL_UART_Init  stm32f0xx_hal_uart.o
    0x08002598   0x08002598   0x000000b0   Code   RO          155    .text.HAL_UART_MspInit  stm32f0xx_hal_msp.o
    0x08002648   0x08002648   0x00000066   Code   RO          676    .text.HAL_UART_Receive_IT  stm32f0xx_hal_uart.o
    0x080026ae   0x080026ae   0x00000002   PAD
    0x080026b0   0x080026b0   0x00000090   Code   RO           83    .text.HAL_UART_RxCpltCallback  main.o
    0x08002740   0x08002740   0x000000d8   Code   RO          664    .text.HAL_UART_Transmit  stm32f0xx_hal_uart.o
    0x08002818   0x08002818   0x00000074   Code   RO          670    .text.HAL_UART_Transmit_IT  stm32f0xx_hal_uart.o
    0x0800288c   0x0800288c   0x00000002   Code   RO          732    .text.HAL_UART_TxCpltCallback  stm32f0xx_hal_uart.o
    0x0800288e   0x0800288e   0x00000002   Code   RO          126    .text.HardFault_Handler  stm32f0xx_it.o
    0x08002890   0x08002890   0x00000024   Code   RO          136    .text.I2C1_IRQHandler  stm32f0xx_it.o
    0x080028b4   0x080028b4   0x0000003e   Code   RO          255    .text.I2C_DMAAbort  stm32f0xx_hal_i2c.o
    0x080028f2   0x080028f2   0x00000002   PAD
    0x080028f4   0x080028f4   0x000000a8   Code   RO          309    .text.I2C_ITAddrCplt  stm32f0xx_hal_i2c.o
    0x0800299c   0x0800299c   0x00000178   Code   RO          273    .text.I2C_ITError   stm32f0xx_hal_i2c.o
    0x08002b14   0x08002b14   0x000001fc   Code   RO          305    .text.I2C_ITSlaveCplt  stm32f0xx_hal_i2c.o
    0x08002d10   0x08002d10   0x00000084   Code   RO          307    .text.I2C_ITSlaveSeqCplt  stm32f0xx_hal_i2c.o
    0x08002d94   0x08002d94   0x00000180   Code   RO          311    .text.I2C_IsErrorOccurred  stm32f0xx_hal_i2c.o
    0x08002f14   0x08002f14   0x00000264   Code   RO          201    .text.I2C_Slave_ISR_IT  stm32f0xx_hal_i2c.o
    0x08003178   0x08003178   0x000000de   Code   RO          177    .text.I2C_WaitOnFlagUntilTimeout  stm32f0xx_hal_i2c.o
    0x08003256   0x08003256   0x00000086   Code   RO          181    .text.I2C_WaitOnSTOPFlagUntilTimeout  stm32f0xx_hal_i2c.o
    0x080032dc   0x080032dc   0x000000a6   Code   RO          179    .text.I2C_WaitOnTXISFlagUntilTimeout  stm32f0xx_hal_i2c.o
    0x08003382   0x08003382   0x00000002   PAD
    0x08003384   0x08003384   0x00000094   Code   RO           99    .text.Init_System   main.o
    0x08003418   0x08003418   0x00000030   Code   RO           47    .text.MC60_PowerOn  mc60.o
    0x08003448   0x08003448   0x000001c8   Code   RO           59    .text.MC60_Server_Pub  mc60.o
    0x08003610   0x08003610   0x00000002   Code   RO          124    .text.NMI_Handler   stm32f0xx_it.o
    0x08003612   0x08003612   0x00000002   Code   RO          130    .text.PendSV_Handler  stm32f0xx_it.o
    0x08003614   0x08003614   0x00000002   Code   RO          128    .text.SVC_Handler   stm32f0xx_it.o
    0x08003616   0x08003616   0x00000008   Code   RO          132    .text.SysTick_Handler  stm32f0xx_it.o
    0x0800361e   0x0800361e   0x00000002   Code   RO          796    .text.SystemInit    system_stm32f0xx.o
    0x08003620   0x08003620   0x000000d2   Code   RO          652    .text.UART_AdvFeatureConfig  stm32f0xx_hal_uart.o
    0x080036f2   0x080036f2   0x00000002   PAD
    0x080036f4   0x080036f4   0x000000c4   Code   RO          654    .text.UART_CheckIdleState  stm32f0xx_hal_uart.o
    0x080037b8   0x080037b8   0x00000016   Code   RO          726    .text.UART_DMAAbortOnError  stm32f0xx_hal_uart.o
    0x080037ce   0x080037ce   0x000000ca   Code   RO          760    .text.UART_RxISR_16BIT  stm32f0xx_hal_uart.o
    0x08003898   0x08003898   0x000000cc   Code   RO          762    .text.UART_RxISR_8BIT  stm32f0xx_hal_uart.o
    0x08003964   0x08003964   0x000000f0   Code   RO           89    .text.UART_Rx_Process  main.o
    0x08003a54   0x08003a54   0x00000164   Code   RO          650    .text.UART_SetConfig  stm32f0xx_hal_uart.o
    0x08003bb8   0x08003bb8   0x000000c8   Code   RO          678    .text.UART_Start_Receive_IT  stm32f0xx_hal_uart.o
    0x08003c80   0x08003c80   0x00000060   Code   RO          672    .text.UART_TxISR_16BIT  stm32f0xx_hal_uart.o
    0x08003ce0   0x08003ce0   0x00000058   Code   RO          674    .text.UART_TxISR_8BIT  stm32f0xx_hal_uart.o
    0x08003d38   0x08003d38   0x000001a2   Code   RO          666    .text.UART_WaitOnFlagUntilTimeout  stm32f0xx_hal_uart.o
    0x08003eda   0x08003eda   0x00000002   PAD
    0x08003edc   0x08003edc   0x00000010   Code   RO          138    .text.USART1_IRQHandler  stm32f0xx_it.o
    0x08003eec   0x08003eec   0x00000010   Code   RO          140    .text.USART3_6_IRQHandler  stm32f0xx_it.o
    0x08003efc   0x08003efc   0x000000ca   Code   RO           11    .text.configureNoMotionInterrupt  bma253.o
    0x08003fc6   0x08003fc6   0x00000002   PAD
    0x08003fc8   0x08003fc8   0x000000dc   Code   RO           32    .text.decodeLat     gnss_data.o
    0x080040a4   0x080040a4   0x000000ec   Code   RO           34    .text.decodeLong    gnss_data.o
    0x08004190   0x08004190   0x00000534   Code   RO           36    .text.decodeRMC     gnss_data.o
    0x080046c4   0x080046c4   0x000001bc   Code   RO           85    .text.expectedResponse  main.o
    0x08004880   0x08004880   0x0000031c   Code   RO           30    .text.floatToString  gnss_data.o
    0x08004b9c   0x08004b9c   0x00000074   Code   RO           20    .text.get_sentence_by_header  gnss_data.o
    0x08004c10   0x08004c10   0x000000dc   Code   RO           53    .text.lat_long_data_format  mc60.o
    0x08004cec   0x08004cec   0x00000320   Code   RO          101    .text.main          main.o
    0x0800500c   0x0800500c   0x00000058   Code   RO           87    .text.sendCommandToMC60  main.o
    0x08005064   0x08005064   0x000001f6   Code   RO          896    .text_divfast       c_p.l(aeabi_sdivfast.o)
    0x0800525a   0x0800525a   0x00000002   PAD
    0x0800525c   0x0800525c   0x0000008c   Code   RO          917    x$fpl$fadd          fz_ps.l(faddsub.o)
    0x080052e8   0x080052e8   0x000000b0   Code   RO          930    x$fpl$fmul          fz_ps.l(fmul.o)
    0x08005398   0x08005398   0x000000d0   Code   RO          919    x$fpl$fsub          fz_ps.l(faddsub.o)
    0x08005468   0x08005468   0x00000000   Code   RO         1013    x$fpl$usenofp       fz_ps.l(usenofp.o)
    0x08005468   0x08005468   0x00000040   Data   RO          924    .constdata          fz_ps.l(fdiv.o)
    0x080054a8   0x080054a8   0x00000010   Data   RO          801    .rodata.AHBPrescTable  system_stm32f0xx.o
    0x080054b8   0x080054b8   0x00000008   Data   RO          802    .rodata.APBPrescTable  system_stm32f0xx.o
    0x080054c0   0x080054c0   0x00000020   Data   RO          363    .rodata.cst16       stm32f0xx_hal_rcc.o
    0x080054e0   0x080054e0   0x00000004   Data   RO           38    .rodata.str1.1      gnss_data.o
    0x080054e4   0x080054e4   0x0000017a   Data   RO          110    .rodata.str1.1      main.o
    0x0800565e   0x0800565e   0x00000002   PAD
    0x08005660   0x08005660   0x00000030   Data   RO          111    .rodata.str1.4      main.o
    0x08005690   0x08005690   0x00000020   Data   RO         1155    Region$$Table       anon$$obj.o


    Execution Region RW_IRAM1 (Exec base: 0x20000000, Load base: 0x080056b0, Size: 0x00001888, Max: 0x00008000, ABSOLUTE)

    Exec Addr    Load Addr    Size         Type   Attr      Idx    E Section Name        Object

    0x20000000   0x080056b0   0x00000004   Data   RW          877    .data               c_p.l(strtok.o)
    0x20000004   0x080056b4   0x00000008   Data   RW          433    .data..L_MergedGlobals  stm32f0xx_hal.o
    0x2000000c   0x080056bc   0x00000004   Data   RW          800    .data.SystemCoreClock  system_stm32f0xx.o
    0x20000010   0x080056c0   0x00000001   Data   RW           65    .data.ctrlZ         mc60.o
    0x20000011   0x080056c1   0x00000001   Data   RW          113    .data.tmp           main.o
    0x20000012   0x080056c2   0x00000006   PAD
    0x20000018        -       0x00000060   Zero   RW         1019    .bss                c_p.l(libspace.o)
    0x20000078        -       0x00000033   Zero   RW           70    .bss..L_MergedGlobals  mc60.o
    0x200000ab   0x080056c2   0x00000001   PAD
    0x200000ac        -       0x00000060   Zero   RW          115    .bss..L_MergedGlobals  main.o
    0x2000010c        -       0x00000088   Zero   RW          112    .bss.huart1         main.o
    0x20000194        -       0x00000088   Zero   RW          109    .bss.huart3         main.o
    0x2000021c        -       0x00000800   Zero   RW          107    .bss.rx_buffer      main.o
    0x20000a1c        -       0x00000800   Zero   RW          108    .bss.rx_buffer_temp  main.o
    0x2000121c        -       0x00000064   Zero   RW           66    .bss.rxbuffer_temporary  mc60.o
    0x20001280        -       0x00000004   Zero   RW          432    .bss.uwTick         stm32f0xx_hal.o
    0x20001284   0x080056c2   0x00000004   PAD
    0x20001288        -       0x00000200   Zero   RW            2    HEAP                startup_stm32f030xc.o
    0x20001488        -       0x00000400   Zero   RW            1    STACK               startup_stm32f030xc.o


==============================================================================

Image component sizes


      Code (inc. data)   RO Data    RW Data    ZI Data      Debug   Object Name

       202          0          0          0          0       3912   bma253.o
      2700         48          4          0          0      15127   gnss_data.o
      1888        416        426          1       4464      13163   main.o
       724        156          0          1        151       7444   mc60.o
        56         26        184          0       1536        600   startup_stm32f030xc.o
       188         20          0          8          4       5264   stm32f0xx_hal.o
       128         20          0          0          0       5473   stm32f0xx_hal_cortex.o
       134          0          0          0          0       8125   stm32f0xx_hal_dma.o
       492         28          0          0          0       4948   stm32f0xx_hal_gpio.o
      3640         76          0          0          0      62451   stm32f0xx_hal_i2c.o
       132          0          0          0          0       4918   stm32f0xx_hal_i2c_ex.o
       332         28          0          0          0       7330   stm32f0xx_hal_msp.o
        56          4          0          0          0       2997   stm32f0xx_hal_pwr.o
      1440         48         32          0          0       7551   stm32f0xx_hal_rcc.o
       256         12          0          0          0       3250   stm32f0xx_hal_rcc_ex.o
      3520        120          0          0          0      40158   stm32f0xx_hal_uart.o
        94         12          0          0          0       2014   stm32f0xx_it.o
         2          0         24          4          0       1671   system_stm32f0xx.o

    ----------------------------------------------------------------------
     16000       1014        704         16       6164     196396   Object Totals
         0          0         32          0          0          0   (incl. Generated)
        16          0          2          2          9          0   (incl. Padding)

    ----------------------------------------------------------------------

      Code (inc. data)   RO Data    RW Data    ZI Data      Debug   Library Member Name

         8          0          0          0          0         68   __main.o
         0          0          0          0          0          0   __rtentry.o
        12          0          0          0          0          0   __rtentry2.o
         6          0          0          0          0          0   __rtentry4.o
        60          8          0          0          0          0   __scatter.o
        26          0          0          0          0          0   __scatter_copy.o
        28          0          0          0          0          0   __scatter_zi.o
      1006          4          0          0          0        184   aeabi_sdivfast.o
        12          0          0          0          0         68   defsig_exit.o
        52          0          0          0          0         72   defsig_general.o
        80         58          0          0          0         68   defsig_rtmem_inner.o
        12          0          0          0          0         68   defsig_rtmem_outer.o
        16          0          0          0          0         68   exit.o
        98          0          0          0          0         72   h1_alloc.o
        52          0          0          0          0         68   h1_extend.o
        76          0          0          0          0         72   h1_free.o
        14          0          0          0          0         76   h1_init.o
         6          0          0          0          0        136   heapauxi.o
         4          0          0          0          0        120   hguard.o
         0          0          0          0          0          0   indicate_semi.o
       136          0          0          0          0        160   init_alloc.o
         2          0          0          0          0          0   libinit.o
        10          0          0          0          0          0   libinit2.o
         2          0          0          0          0          0   libshutdown.o
         2          0          0          0          0          0   libshutdown2.o
         8          4          0          0         96         68   libspace.o
         0          0          0          0          0          0   maybetermalloc1.o
         8          4          0          0          0         68   rt_heap_descriptor_intlibspace.o
        64          0          0          0          0        108   rt_memclr.o
       186          0          0          0          0        144   rt_memcpy.o
         2          0          0          0          0          0   rtexit.o
        10          0          0          0          0          0   rtexit2.o
        24          0          0          0          0         60   strcat.o
       176          4          0          0          0         80   strcmpv6m.o
        76          6          0          0          0         72   strcpy.o
        34          0          0          0          0         72   strcspn.o
        68          6          0          0          0         72   strlen.o
        32          0          0          0          0         72   strspn.o
        40          0          0          0          0         72   strstr.o
        16          6          0          4          0         68   strtok.o
        72          6          0          0          0         76   strtok_int.o
        12          4          0          0          0         60   sys_exit.o
        62          0          0          0          0         80   sys_stackheap_outer.o
        12          0          0          0          0         68   sys_wrch.o
         2          0          0          0          0         68   use_no_semi.o
       124          4          0          0          0         72   d2f.o
       856         20          0          0          0        208   daddsub.o
        88          0          0          0          0         92   dflti.o
       584         26          0          0          0         84   dmul.o
        84          4          0          0          0         60   f2d.o
       348          8          0          0          0        160   faddsub.o
       352         10         64          0          0         92   fdiv.o
        76          0          0          0          0         68   ffixi.o
        94          0          0          0          0         92   fflti.o
       176          4          0          0          0         80   fmul.o
         0          0          0          0          0          0   usenofp.o

    ----------------------------------------------------------------------
      5424        186         64          4         96       3616   Library Totals
        18          0          0          0          0          0   (incl. Padding)

    ----------------------------------------------------------------------

      Code (inc. data)   RO Data    RW Data    ZI Data      Debug   Library Name

      2624        110          0          4         96       2608   c_p.l
      2782         76         64          0          0       1008   fz_ps.l

    ----------------------------------------------------------------------
      5424        186         64          4         96       3616   Library Totals

    ----------------------------------------------------------------------

==============================================================================


      Code (inc. data)   RO Data    RW Data    ZI Data      Debug   

     21424       1200        768         20       6260     197864   Grand Totals
     21424       1200        768         20       6260     197864   ELF Image Totals
     21424       1200        768         20          0          0   ROM Totals

==============================================================================

    Total RO  Size (Code + RO Data)                22192 (  21.67kB)
    Total RW  Size (RW Data + ZI Data)              6280 (   6.13kB)
    Total ROM Size (Code + RO Data + RW Data)      22212 (  21.69kB)

==============================================================================

