../Core/Src/TMD_MC60.c:31:6:MC60_PowerOn	8	static
../Core/Src/TMD_MC60.c:40:6:MC60_PowerOff	8	static
../Core/Src/TMD_MC60.c:49:6:MC60_ATCommand_Send	16	static
../Core/Src/TMD_MC60.c:53:6:MC60_ServerOn	16	static
../Core/Src/TMD_MC60.c:60:6:MC60_ConnToServer	16	static
../Core/Src/TMD_MC60.c:67:6:MC60_PubToServer	16	static
../Core/Src/TMD_MC60.c:74:6:MC60_SendToServer	16	static
../Core/Src/TMD_MC60.c:83:6:MC60_DisConnToServer	16	static
../Core/Src/TMD_MC60.c:94:6:MC60_TurnOnGNSS	16	static
../Core/Src/TMD_MC60.c:117:6:MC60_ReadGNSS_NMEA	16	static
../Core/Src/TMD_MC60.c:129:6:MC60_GSM_GNSS_Status	16	static
